Component: ARM Compiler 5.06 update 6 (build 750) Tool: armlink [4d35ed]

==============================================================================

Section Cross References

    startup_stm32f407xx.o(RESET) refers to startup_stm32f407xx.o(STACK) for __initial_sp
    startup_stm32f407xx.o(RESET) refers to startup_stm32f407xx.o(.text) for Reset_Handler
    startup_stm32f407xx.o(RESET) refers to stm32f4xx_it.o(i.NMI_Handler) for NMI_Handler
    startup_stm32f407xx.o(RESET) refers to stm32f4xx_it.o(i.HardFault_Handler) for HardFault_Handler
    startup_stm32f407xx.o(RESET) refers to stm32f4xx_it.o(i.MemManage_Handler) for MemManage_Handler
    startup_stm32f407xx.o(RESET) refers to stm32f4xx_it.o(i.BusFault_Handler) for BusFault_Handler
    startup_stm32f407xx.o(RESET) refers to stm32f4xx_it.o(i.UsageFault_Handler) for UsageFault_Handler
    startup_stm32f407xx.o(RESET) refers to stm32f4xx_it.o(i.SVC_Handler) for SVC_Handler
    startup_stm32f407xx.o(RESET) refers to stm32f4xx_it.o(i.DebugMon_Handler) for DebugMon_Handler
    startup_stm32f407xx.o(RESET) refers to stm32f4xx_it.o(i.PendSV_Handler) for PendSV_Handler
    startup_stm32f407xx.o(RESET) refers to stm32f4xx_it.o(i.SysTick_Handler) for SysTick_Handler
    startup_stm32f407xx.o(RESET) refers to stm32f4xx_it.o(i.ADC_IRQHandler) for ADC_IRQHandler
    startup_stm32f407xx.o(RESET) refers to stm32f4xx_it.o(i.OTG_FS_IRQHandler) for OTG_FS_IRQHandler
    startup_stm32f407xx.o(.text) refers to system_stm32f4xx.o(i.SystemInit) for SystemInit
    startup_stm32f407xx.o(.text) refers to entry.o(.ARM.Collect$$$$00000000) for __main
    main.o(i.MX_ADC1_Init) refers to stm32f4xx_hal_adc.o(i.HAL_ADC_Init) for HAL_ADC_Init
    main.o(i.MX_ADC1_Init) refers to stm32f4xx_hal_adc.o(i.HAL_ADC_ConfigChannel) for HAL_ADC_ConfigChannel
    main.o(i.MX_ADC1_Init) refers to main.o(.bss) for .bss
    main.o(i.MX_GPIO_Init) refers to memseta.o(.text) for __aeabi_memclr4
    main.o(i.MX_GPIO_Init) refers to stm32f4xx_hal_gpio.o(i.HAL_GPIO_WritePin) for HAL_GPIO_WritePin
    main.o(i.MX_GPIO_Init) refers to stm32f4xx_hal_gpio.o(i.HAL_GPIO_Init) for HAL_GPIO_Init
    main.o(i.MX_SPI1_Init) refers to stm32f4xx_hal_spi.o(i.HAL_SPI_Init) for HAL_SPI_Init
    main.o(i.MX_SPI1_Init) refers to main.o(.bss) for .bss
    main.o(i.SystemClock_Config) refers to memseta.o(.text) for __aeabi_memclr4
    main.o(i.SystemClock_Config) refers to stm32f4xx_hal_rcc.o(i.HAL_RCC_OscConfig) for HAL_RCC_OscConfig
    main.o(i.SystemClock_Config) refers to stm32f4xx_hal_rcc.o(i.HAL_RCC_ClockConfig) for HAL_RCC_ClockConfig
    main.o(i.SystemClock_Config) refers to stm32f4xx_hal_rcc_ex.o(i.HAL_RCCEx_PeriphCLKConfig) for HAL_RCCEx_PeriphCLKConfig
    main.o(i.Termistor) refers to dflti.o(.text) for __aeabi_i2d
    main.o(i.Termistor) refers to log.o(i.__hardfp_log) for __hardfp_log
    main.o(i.Termistor) refers to dmul.o(.text) for __aeabi_dmul
    main.o(i.Termistor) refers to dadd.o(.text) for __aeabi_dadd
    main.o(i.Termistor) refers to ddiv.o(.text) for __aeabi_ddiv
    main.o(i.main) refers to stm32f4xx_hal.o(i.HAL_Init) for HAL_Init
    main.o(i.main) refers to main.o(i.SystemClock_Config) for SystemClock_Config
    main.o(i.main) refers to main.o(i.MX_GPIO_Init) for MX_GPIO_Init
    main.o(i.main) refers to main.o(i.MX_ADC1_Init) for MX_ADC1_Init
    main.o(i.main) refers to stm32f4xx_hal_i2c.o(i.HAL_I2C_Init) for HAL_I2C_Init
    main.o(i.main) refers to stm32f4xx_hal_i2s.o(i.HAL_I2S_Init) for HAL_I2S_Init
    main.o(i.main) refers to main.o(i.MX_SPI1_Init) for MX_SPI1_Init
    main.o(i.main) refers to usb_host.o(i.MX_USB_HOST_Init) for MX_USB_HOST_Init
    main.o(i.main) refers to stm32f4xx_hal_adc.o(i.HAL_ADC_Start) for HAL_ADC_Start
    main.o(i.main) refers to stm32f4xx_hal_adc.o(i.HAL_ADC_GetValue) for HAL_ADC_GetValue
    main.o(i.main) refers to main.o(i.Termistor) for Termistor
    main.o(i.main) refers to stm32f4xx_hal.o(i.HAL_Delay) for HAL_Delay
    main.o(i.main) refers to cdrcmple.o(.text) for __aeabi_cdrcmple
    main.o(i.main) refers to cdcmple.o(.text) for __aeabi_cdcmple
    main.o(i.main) refers to stm32f4xx_hal_gpio.o(i.HAL_GPIO_WritePin) for HAL_GPIO_WritePin
    main.o(i.main) refers to usb_host.o(i.MX_USB_HOST_Process) for MX_USB_HOST_Process
    main.o(i.main) refers to main.o(.bss) for .bss
    main.o(i.main) refers to main.o(.data) for .data
    usb_host.o(i.MX_USB_HOST_Init) refers to usbh_core.o(i.USBH_Init) for USBH_Init
    usb_host.o(i.MX_USB_HOST_Init) refers to main.o(i.Error_Handler) for Error_Handler
    usb_host.o(i.MX_USB_HOST_Init) refers to usbh_core.o(i.USBH_RegisterClass) for USBH_RegisterClass
    usb_host.o(i.MX_USB_HOST_Init) refers to usbh_core.o(i.USBH_Start) for USBH_Start
    usb_host.o(i.MX_USB_HOST_Init) refers to usb_host.o(i.USBH_UserProcess) for USBH_UserProcess
    usb_host.o(i.MX_USB_HOST_Init) refers to usb_host.o(.bss) for .bss
[...]
    .ARM.Collect$$$$00002712                 0x08000198   Section        4  entry2.o(.ARM.Collect$$$$00002712)
    __lit__00000000                          0x08000198   Data           4  entry2.o(.ARM.Collect$$$$00002712)
    .text                                    0x0800019c   Section       36  startup_stm32f407xx.o(.text)
    $v0                                      0x0800019c   Number         0  startup_stm32f407xx.o(.text)
    .text                                    0x080001c0   Section        0  uldiv.o(.text)
    .text                                    0x08000222   Section        0  memcpya.o(.text)
    .text                                    0x08000246   Section        0  memseta.o(.text)
    .text                                    0x0800026a   Section        0  dadd.o(.text)
    .text                                    0x080003b8   Section        0  dmul.o(.text)
    .text                                    0x0800049c   Section        0  ddiv.o(.text)
    .text                                    0x0800057a   Section        0  dflti.o(.text)
    .text                                    0x0800059c   Section       48  cdcmple.o(.text)
    .text                                    0x080005cc   Section       48  cdrcmple.o(.text)
    .text                                    0x080005fc   Section        0  llshl.o(.text)
    .text                                    0x0800061a   Section        0  llushr.o(.text)
    .text                                    0x0800063a   Section        0  llsshr.o(.text)
    .text                                    0x0800065e   Section        0  depilogue.o(.text)
    .text                                    0x0800065e   Section        0  iusefp.o(.text)
    .text                                    0x08000718   Section       36  init.o(.text)
    i.ADC_IRQHandler                         0x0800073c   Section        0  stm32f4xx_it.o(i.ADC_IRQHandler)
    i.ADC_Init                               0x08000748   Section        0  stm32f4xx_hal_adc.o(i.ADC_Init)
    ADC_Init                                 0x08000749   Thumb Code   284  stm32f4xx_hal_adc.o(i.ADC_Init)
    i.BusFault_Handler                       0x08000870   Section        0  stm32f4xx_it.o(i.BusFault_Handler)
    i.CDC_ProcessReception                   0x08000874   Section        0  usbh_cdc.o(i.CDC_ProcessReception)
    CDC_ProcessReception                     0x08000875   Thumb Code   104  usbh_cdc.o(i.CDC_ProcessReception)
    i.CDC_ProcessTransmission                0x080008dc   Section        0  usbh_cdc.o(i.CDC_ProcessTransmission)
    CDC_ProcessTransmission                  0x080008dd   Thumb Code   114  usbh_cdc.o(i.CDC_ProcessTransmission)
    i.DeInitStateMachine                     0x08000950   Section        0  usbh_core.o(i.DeInitStateMachine)
    DeInitStateMachine                       0x08000951   Thumb Code    72  usbh_core.o(i.DeInitStateMachine)
    i.DebugMon_Handler                       0x08000998   Section        0  stm32f4xx_it.o(i.DebugMon_Handler)
    i.Error_Handler                          0x0800099a   Section        0  main.o(i.Error_Handler)
    i.GetLineCoding                          0x0800099c   Section        0  usbh_cdc.o(i.GetLineCoding)
    GetLineCoding                            0x0800099d   Thumb Code    22  usbh_cdc.o(i.GetLineCoding)
    i.HAL_ADCEx_InjectedConvCpltCallback     0x080009b2   Section        0  stm32f4xx_hal_adc_ex.o(i.HAL_ADCEx_InjectedConvCpltCallback)
    i.HAL_ADC_ConfigChannel                  0x080009b4   Section        0  stm32f4xx_hal_adc.o(i.HAL_ADC_ConfigChannel)
    i.HAL_ADC_ConvCpltCallback               0x08000b00   Section        0  stm32f4xx_hal_adc.o(i.HAL_ADC_ConvCpltCallback)
    i.HAL_ADC_ErrorCallback                  0x08000b02   Section        0  stm32f4xx_hal_adc.o(i.HAL_ADC_ErrorCallback)
    i.HAL_ADC_GetValue                       0x08000b04   Section        0  stm32f4xx_hal_adc.o(i.HAL_ADC_GetValue)
    i.HAL_ADC_IRQHandler                     0x08000b0a   Section        0  stm32f4xx_hal_adc.o(i.HAL_ADC_IRQHandler)
    i.HAL_ADC_Init                           0x08000c46   Section        0  stm32f4xx_hal_adc.o(i.HAL_ADC_Init)
    i.HAL_ADC_LevelOutOfWindowCallback       0x08000c9a   Section        0  stm32f4xx_hal_adc.o(i.HAL_ADC_LevelOutOfWindowCallback)
    i.HAL_ADC_MspInit                        0x08000c9c   Section        0  stm32f4xx_hal_msp.o(i.HAL_ADC_MspInit)
    i.HAL_ADC_Start                          0x08000d0c   Section        0  stm32f4xx_hal_adc.o(i.HAL_ADC_Start)
    i.HAL_Delay                              0x08000df8   Section        0  stm32f4xx_hal.o(i.HAL_Delay)
    i.HAL_GPIO_Init                          0x08000e1c   Section        0  stm32f4xx_hal_gpio.o(i.HAL_GPIO_Init)
    i.HAL_GPIO_WritePin                      0x08000fcc   Section        0  stm32f4xx_hal_gpio.o(i.HAL_GPIO_WritePin)
    i.HAL_GetTick                            0x08000fd8   Section        0  stm32f4xx_hal.o(i.HAL_GetTick)
    i.HAL_HCD_Connect_Callback               0x08000fe4   Section        0  usbh_conf.o(i.HAL_HCD_Connect_Callback)
    i.HAL_HCD_Disconnect_Callback            0x08000fec   Section        0  usbh_conf.o(i.HAL_HCD_Disconnect_Callback)
    i.HAL_HCD_GetCurrentFrame                0x08000ff4   Section        0  stm32f4xx_hal_hcd.o(i.HAL_HCD_GetCurrentFrame)
    i.HAL_HCD_GetCurrentSpeed                0x08000ffa   Section        0  stm32f4xx_hal_hcd.o(i.HAL_HCD_GetCurrentSpeed)
    i.HAL_HCD_HC_GetURBState                 0x08001000   Section        0  stm32f4xx_hal_hcd.o(i.HAL_HCD_HC_GetURBState)
    i.HAL_HCD_HC_GetXferCount                0x0800100e   Section        0  stm32f4xx_hal_hcd.o(i.HAL_HCD_HC_GetXferCount)
    i.HAL_HCD_HC_Halt                        0x0800101a   Section        0  stm32f4xx_hal_hcd.o(i.HAL_HCD_HC_Halt)
    i.HAL_HCD_HC_Init                        0x0800103e   Section        0  stm32f4xx_hal_hcd.o(i.HAL_HCD_HC_Init)
    i.HAL_HCD_HC_NotifyURBChange_Callback    0x080010b0   Section        0  usbh_conf.o(i.HAL_HCD_HC_NotifyURBChange_Callback)
    i.HAL_HCD_HC_SubmitRequest               0x080010b2   Section        0  stm32f4xx_hal_hcd.o(i.HAL_HCD_HC_SubmitRequest)
    i.HAL_HCD_IRQHandler                     0x08001140   Section        0  stm32f4xx_hal_hcd.o(i.HAL_HCD_IRQHandler)
    i.HAL_HCD_Init                           0x08001272   Section        0  stm32f4xx_hal_hcd.o(i.HAL_HCD_Init)
    i.HAL_HCD_MspInit                        0x080012e4   Section        0  usbh_conf.o(i.HAL_HCD_MspInit)
    i.HAL_HCD_PortDisabled_Callback          0x08001378   Section        0  usbh_conf.o(i.HAL_HCD_PortDisabled_Callback)
    i.HAL_HCD_PortEnabled_Callback           0x08001380   Section        0  usbh_conf.o(i.HAL_HCD_PortEnabled_Callback)
    i.HAL_HCD_ResetPort                      0x08001388   Section        0  stm32f4xx_hal_hcd.o(i.HAL_HCD_ResetPort)
    i.HAL_HCD_SOF_Callback                   0x0800138e   Section        0  usbh_conf.o(i.HAL_HCD_SOF_Callback)
    i.HAL_HCD_Start                          0x08001396   Section        0  stm32f4xx_hal_hcd.o(i.HAL_HCD_Start)
    i.HAL_HCD_Stop                           0x080013c2   Section        0  stm32f4xx_hal_hcd.o(i.HAL_HCD_Stop)
    i.HAL_I2C_Init                           0x080013e8   Section        0  stm32f4xx_hal_i2c.o(i.HAL_I2C_Init)
    i.HAL_I2C_MspInit                        0x0800155c   Section        0  stm32f4xx_hal_msp.o(i.HAL_I2C_MspInit)
    i.HAL_I2SEx_FullDuplex_IRQHandler        0x080015c8   Section        0  stm32f4xx_hal_i2s_ex.o(i.HAL_I2SEx_FullDuplex_IRQHandler)
    i.HAL_I2SEx_TxRxCpltCallback             0x080017bc   Section        0  stm32f4xx_hal_i2s_ex.o(i.HAL_I2SEx_TxRxCpltCallback)
    i.HAL_I2S_ErrorCallback                  0x080017be   Section        0  stm32f4xx_hal_i2s.o(i.HAL_I2S_ErrorCallback)
    i.HAL_I2S_Init                           0x080017c0   Section        0  stm32f4xx_hal_i2s.o(i.HAL_I2S_Init)
    i.HAL_I2S_MspInit                        0x08001934   Section        0  stm32f4xx_hal_msp.o(i.HAL_I2S_MspInit)
    i.HAL_I2S_RxCpltCallback                 0x080019c4   Section        0  stm32f4xx_hal_i2s.o(i.HAL_I2S_RxCpltCallback)
    i.HAL_I2S_TxCpltCallback                 0x080019c6   Section        0  stm32f4xx_hal_i2s.o(i.HAL_I2S_TxCpltCallback)
    i.HAL_IncTick                            0x080019c8   Section        0  stm32f4xx_hal.o(i.HAL_IncTick)
    i.HAL_Init                               0x080019d8   Section        0  stm32f4xx_hal.o(i.HAL_Init)
    i.HAL_InitTick                           0x08001a0c   Section        0  stm32f4xx_hal.o(i.HAL_InitTick)
    i.HAL_MspInit                            0x08001a4c   Section        0  stm32f4xx_hal_msp.o(i.HAL_MspInit)
    i.HAL_NVIC_EnableIRQ                     0x08001a80   Section        0  stm32f4xx_hal_cortex.o(i.HAL_NVIC_EnableIRQ)
    i.HAL_NVIC_SetPriority                   0x08001a9c   Section        0  stm32f4xx_hal_cortex.o(i.HAL_NVIC_SetPriority)
    i.HAL_NVIC_SetPriorityGrouping           0x08001adc   Section        0  stm32f4xx_hal_cortex.o(i.HAL_NVIC_SetPriorityGrouping)
    i.HAL_RCCEx_GetPeriphCLKFreq             0x08001b00   Section        0  stm32f4xx_hal_rcc_ex.o(i.HAL_RCCEx_GetPeriphCLKFreq)
    i.HAL_RCCEx_PeriphCLKConfig              0x08001b5c   Section        0  stm32f4xx_hal_rcc_ex.o(i.HAL_RCCEx_PeriphCLKConfig)
    i.HAL_RCC_ClockConfig                    0x08001c98   Section        0  stm32f4xx_hal_rcc.o(i.HAL_RCC_ClockConfig)
    i.HAL_RCC_GetPCLK1Freq                   0x08001dc8   Section        0  stm32f4xx_hal_rcc.o(i.HAL_RCC_GetPCLK1Freq)
    i.HAL_RCC_GetSysClockFreq                0x08001de8   Section        0  stm32f4xx_hal_rcc.o(i.HAL_RCC_GetSysClockFreq)
    i.HAL_RCC_OscConfig                      0x08001e48   Section        0  stm32f4xx_hal_rcc.o(i.HAL_RCC_OscConfig)
    i.HAL_SPI_Init                           0x08002164   Section        0  stm32f4xx_hal_spi.o(i.HAL_SPI_Init)
    i.HAL_SPI_MspInit                        0x080021e4   Section        0  stm32f4xx_hal_msp.o(i.HAL_SPI_MspInit)
    i.HAL_SYSTICK_Config                     0x0800224c   Section        0  stm32f4xx_hal_cortex.o(i.HAL_SYSTICK_Config)
    i.HCD_HC_IN_IRQHandler                   0x08002274   Section        0  stm32f4xx_hal_hcd.o(i.HCD_HC_IN_IRQHandler)
    HCD_HC_IN_IRQHandler                     0x08002275   Thumb Code   556  stm32f4xx_hal_hcd.o(i.HCD_HC_IN_IRQHandler)
    i.HCD_HC_OUT_IRQHandler                  0x080024a0   Section        0  stm32f4xx_hal_hcd.o(i.HCD_HC_OUT_IRQHandler)
    HCD_HC_OUT_IRQHandler                    0x080024a1   Thumb Code   580  stm32f4xx_hal_hcd.o(i.HCD_HC_OUT_IRQHandler)
    i.HCD_Port_IRQHandler                    0x080026e4   Section        0  stm32f4xx_hal_hcd.o(i.HCD_Port_IRQHandler)
    HCD_Port_IRQHandler                      0x080026e5   Thumb Code   184  stm32f4xx_hal_hcd.o(i.HCD_Port_IRQHandler)
    i.HCD_RXQLVL_IRQHandler                  0x0800279c   Section        0  stm32f4xx_hal_hcd.o(i.HCD_RXQLVL_IRQHandler)
    HCD_RXQLVL_IRQHandler                    0x0800279d   Thumb Code   108  stm32f4xx_hal_hcd.o(i.HCD_RXQLVL_IRQHandler)
    i.HardFault_Handler                      0x0800280c   Section        0  stm32f4xx_it.o(i.HardFault_Handler)
    i.I2SEx_RxISR_I2SExt                     0x08002810   Section        0  stm32f4xx_hal_i2s_ex.o(i.I2SEx_RxISR_I2SExt)
    I2SEx_RxISR_I2SExt                       0x08002811   Thumb Code    88  stm32f4xx_hal_i2s_ex.o(i.I2SEx_RxISR_I2SExt)
    i.I2SEx_TxISR_I2SExt                     0x08002870   Section        0  stm32f4xx_hal_i2s_ex.o(i.I2SEx_TxISR_I2SExt)
    I2SEx_TxISR_I2SExt                       0x08002871   Thumb Code    88  stm32f4xx_hal_i2s_ex.o(i.I2SEx_TxISR_I2SExt)
    i.I2S_IRQHandler                         0x080028d0   Section        0  stm32f4xx_hal_i2s.o(i.I2S_IRQHandler)
    I2S_IRQHandler                           0x080028d1   Thumb Code   242  stm32f4xx_hal_i2s.o(i.I2S_IRQHandler)
    i.MX_ADC1_Init                           0x080029c4   Section        0  main.o(i.MX_ADC1_Init)
    MX_ADC1_Init                             0x080029c5   Thumb Code    94  main.o(i.MX_ADC1_Init)
    i.MX_DriverVbusFS                        0x08002a34   Section        0  usbh_platform.o(i.MX_DriverVbusFS)
    i.MX_GPIO_Init                           0x08002a48   Section        0  main.o(i.MX_GPIO_Init)
    MX_GPIO_Init                             0x08002a49   Thumb Code   326  main.o(i.MX_GPIO_Init)
    i.MX_SPI1_Init                           0x08002bac   Section        0  main.o(i.MX_SPI1_Init)
    MX_SPI1_Init                             0x08002bad   Thumb Code    44  main.o(i.MX_SPI1_Init)
    i.MX_USB_HOST_Init                       0x08002be0   Section        0  usb_host.o(i.MX_USB_HOST_Init)
    i.MX_USB_HOST_Process                    0x08002c20   Section        0  usb_host.o(i.MX_USB_HOST_Process)
    i.MemManage_Handler                      0x08002c2c   Section        0  stm32f4xx_it.o(i.MemManage_Handler)
    i.NMI_Handler                            0x08002c2e   Section        0  stm32f4xx_it.o(i.NMI_Handler)
    i.OTG_FS_IRQHandler                      0x08002c30   Section        0  stm32f4xx_it.o(i.OTG_FS_IRQHandler)
    i.PendSV_Handler                         0x08002c3c   Section        0  stm32f4xx_it.o(i.PendSV_Handler)
    i.SVC_Handler                            0x08002c3e   Section        0  stm32f4xx_it.o(i.SVC_Handler)
    i.SysTick_Handler                        0x08002c40   Section        0  stm32f4xx_it.o(i.SysTick_Handler)
    i.SystemClock_Config                     0x08002c44   Section        0  main.o(i.SystemClock_Config)
    i.SystemInit                             0x08002ce0   Section        0  system_stm32f4xx.o(i.SystemInit)
    i.Termistor                              0x08002d34   Section        0  main.o(i.Termistor)
    i.USBH_AllocPipe                         0x08002de8   Section        0  usbh_pipes.o(i.USBH_AllocPipe)
    i.USBH_BulkReceiveData                   0x08002e1c   Section        0  usbh_ioreq.o(i.USBH_BulkReceiveData)
    i.USBH_BulkSendData                      0x08002e3c   Section        0  usbh_ioreq.o(i.USBH_BulkSendData)
    i.USBH_CDC_ClassRequest                  0x08002e64   Section        0  usbh_cdc.o(i.USBH_CDC_ClassRequest)
    USBH_CDC_ClassRequest                    0x08002e65   Thumb Code    36  usbh_cdc.o(i.USBH_CDC_ClassRequest)
    i.USBH_CDC_InterfaceDeInit               0x08002e88   Section        0  usbh_cdc.o(i.USBH_CDC_InterfaceDeInit)
    USBH_CDC_InterfaceDeInit                 0x08002e89   Thumb Code    94  usbh_cdc.o(i.USBH_CDC_InterfaceDeInit)
    i.USBH_CDC_InterfaceInit                 0x08002ee6   Section        0  usbh_cdc.o(i.USBH_CDC_InterfaceInit)
    USBH_CDC_InterfaceInit                   0x08002ee7   Thumb Code   308  usbh_cdc.o(i.USBH_CDC_InterfaceInit)
    i.USBH_CDC_LineCodingChanged             0x0800301a   Section        0  usbh_cdc.o(i.USBH_CDC_LineCodingChanged)
    i.USBH_CDC_Process                       0x0800301c   Section        0  usbh_cdc.o(i.USBH_CDC_Process)
    USBH_CDC_Process                         0x0800301d   Thumb Code   184  usbh_cdc.o(i.USBH_CDC_Process)
    i.USBH_CDC_ReceiveCallback               0x080030d4   Section        0  usbh_cdc.o(i.USBH_CDC_ReceiveCallback)
    i.USBH_CDC_SOFProcess                    0x080030d6   Section        0  usbh_cdc.o(i.USBH_CDC_SOFProcess)
    USBH_CDC_SOFProcess                      0x080030d7   Thumb Code     4  usbh_cdc.o(i.USBH_CDC_SOFProcess)
    i.USBH_CDC_TransmitCallback              0x080030da   Section        0  usbh_cdc.o(i.USBH_CDC_TransmitCallback)
    i.USBH_ClosePipe                         0x080030dc   Section        0  usbh_pipes.o(i.USBH_ClosePipe)
    i.USBH_ClrFeature                        0x080030e6   Section        0  usbh_ctlreq.o(i.USBH_ClrFeature)
    i.USBH_CtlReceiveData                    0x08003104   Section        0  usbh_ioreq.o(i.USBH_CtlReceiveData)
    i.USBH_CtlReq                            0x08003122   Section        0  usbh_ctlreq.o(i.USBH_CtlReq)
    i.USBH_CtlSendData                       0x0800315c   Section        0  usbh_ioreq.o(i.USBH_CtlSendData)
    i.USBH_CtlSendSetup                      0x08003184   Section        0  usbh_ioreq.o(i.USBH_CtlSendSetup)
    i.USBH_Delay                             0x080031a2   Section        0  usbh_conf.o(i.USBH_Delay)
    i.USBH_FindInterface                     0x080031a8   Section        0  usbh_core.o(i.USBH_FindInterface)
    i.USBH_FreePipe                          0x080031ec   Section        0  usbh_pipes.o(i.USBH_FreePipe)
    i.USBH_GetDescriptor                     0x08003204   Section        0  usbh_ctlreq.o(i.USBH_GetDescriptor)
    i.USBH_GetNextDesc                       0x08003238   Section        0  usbh_ctlreq.o(i.USBH_GetNextDesc)
    i.USBH_Get_CfgDesc                       0x08003246   Section        0  usbh_ctlreq.o(i.USBH_Get_CfgDesc)
    i.USBH_Get_DevDesc                       0x08003272   Section        0  usbh_ctlreq.o(i.USBH_Get_DevDesc)
    i.USBH_Get_StringDesc                    0x08003302   Section        0  usbh_ctlreq.o(i.USBH_Get_StringDesc)
    i.USBH_Get_USB_Status                    0x0800334a   Section        0  usbh_conf.o(i.USBH_Get_USB_Status)
    i.USBH_HandleControl                     0x08003362   Section        0  usbh_ctlreq.o(i.USBH_HandleControl)
    USBH_HandleControl                       0x08003363   Thumb Code   394  usbh_ctlreq.o(i.USBH_HandleControl)
    i.USBH_HandleEnum                        0x080034ec   Section        0  usbh_core.o(i.USBH_HandleEnum)
    USBH_HandleEnum                          0x080034ed   Thumb Code   242  usbh_core.o(i.USBH_HandleEnum)
    i.USBH_Init                              0x080035de   Section        0  usbh_core.o(i.USBH_Init)
    i.USBH_LL_ClosePipe                      0x0800360e   Section        0  usbh_conf.o(i.USBH_LL_ClosePipe)
    i.USBH_LL_Connect                        0x08003620   Section        0  usbh_core.o(i.USBH_LL_Connect)
    i.USBH_LL_Disconnect                     0x0800364a   Section        0  usbh_core.o(i.USBH_LL_Disconnect)
    i.USBH_LL_DriverVBUS                     0x08003682   Section        0  usbh_conf.o(i.USBH_LL_DriverVBUS)
    i.USBH_LL_GetLastXferSize                0x0800369c   Section        0  usbh_conf.o(i.USBH_LL_GetLastXferSize)
    i.USBH_LL_GetSpeed                       0x080036a4   Section        0  usbh_conf.o(i.USBH_LL_GetSpeed)
    i.USBH_LL_GetURBState                    0x080036c6   Section        0  usbh_conf.o(i.USBH_LL_GetURBState)
    i.USBH_LL_IncTimer                       0x080036ce   Section        0  usbh_core.o(i.USBH_LL_IncTimer)
    i.USBH_LL_Init                           0x080036ec   Section        0  usbh_conf.o(i.USBH_LL_Init)
    i.USBH_LL_OpenPipe                       0x0800373c   Section        0  usbh_conf.o(i.USBH_LL_OpenPipe)
    i.USBH_LL_PortDisabled                   0x08003758   Section        0  usbh_core.o(i.USBH_LL_PortDisabled)
    i.USBH_LL_PortEnabled                    0x08003760   Section        0  usbh_core.o(i.USBH_LL_PortEnabled)
    i.USBH_LL_ResetPort                      0x08003768   Section        0  usbh_conf.o(i.USBH_LL_ResetPort)
    i.USBH_LL_SetTimer                       0x0800377a   Section        0  usbh_core.o(i.USBH_LL_SetTimer)
    i.USBH_LL_SetToggle                      0x08003780   Section        0  usbh_conf.o(i.USBH_LL_SetToggle)
    i.USBH_LL_Start                          0x080037a0   Section        0  usbh_conf.o(i.USBH_LL_Start)
    i.USBH_LL_Stop                           0x080037b2   Section        0  usbh_conf.o(i.USBH_LL_Stop)
    i.USBH_LL_SubmitURB                      0x080037c4   Section        0  usbh_conf.o(i.USBH_LL_SubmitURB)
    i.USBH_OpenPipe                          0x080037e6   Section        0  usbh_pipes.o(i.USBH_OpenPipe)
    i.USBH_ParseCfgDesc                      0x080037fa   Section        0  usbh_ctlreq.o(i.USBH_ParseCfgDesc)
    USBH_ParseCfgDesc                        0x080037fb   Thumb Code   220  usbh_ctlreq.o(i.USBH_ParseCfgDesc)
    i.USBH_Process                           0x080038d6   Section        0  usbh_core.o(i.USBH_Process)
    i.USBH_RegisterClass                     0x08003a76   Section        0  usbh_core.o(i.USBH_RegisterClass)
    i.USBH_SelectInterface                   0x08003a92   Section        0  usbh_core.o(i.USBH_SelectInterface)
    i.USBH_SetAddress                        0x08003aa8   Section        0  usbh_ctlreq.o(i.USBH_SetAddress)
    i.USBH_SetCfg                            0x08003ac4   Section        0  usbh_ctlreq.o(i.USBH_SetCfg)
    i.USBH_SetFeature                        0x08003ae0   Section        0  usbh_ctlreq.o(i.USBH_SetFeature)
    i.USBH_Start                             0x08003afc   Section        0  usbh_core.o(i.USBH_Start)
    i.USBH_UserProcess                       0x08003b10   Section        0  usb_host.o(i.USBH_UserProcess)
    USBH_UserProcess                         0x08003b11   Thumb Code    28  usb_host.o(i.USBH_UserProcess)
    i.USB_CoreInit                           0x08003b30   Section        0  stm32f4xx_ll_usb.o(i.USB_CoreInit)
    i.USB_CoreReset                          0x08003ba4   Section        0  stm32f4xx_ll_usb.o(i.USB_CoreReset)
    USB_CoreReset                            0x08003ba5   Thumb Code    50  stm32f4xx_ll_usb.o(i.USB_CoreReset)
    i.USB_DisableGlobalInt                   0x08003bdc   Section        0  stm32f4xx_ll_usb.o(i.USB_DisableGlobalInt)
    i.USB_DoPing                             0x08003be8   Section        0  stm32f4xx_ll_usb.o(i.USB_DoPing)
    i.USB_DriveVbus                          0x08003c0c   Section        0  stm32f4xx_ll_usb.o(i.USB_DriveVbus)
    i.USB_EnableGlobalInt                    0x08003c38   Section        0  stm32f4xx_ll_usb.o(i.USB_EnableGlobalInt)
    i.USB_FlushRxFifo                        0x08003c44   Section        0  stm32f4xx_ll_usb.o(i.USB_FlushRxFifo)
    i.USB_FlushTxFifo                        0x08003c64   Section        0  stm32f4xx_ll_usb.o(i.USB_FlushTxFifo)
    i.USB_GetCurrentFrame                    0x08003c88   Section        0  stm32f4xx_ll_usb.o(i.USB_GetCurrentFrame)
    i.USB_GetHostSpeed                       0x08003c90   Section        0  stm32f4xx_ll_usb.o(i.USB_GetHostSpeed)
    i.USB_GetMode                            0x08003c9e   Section        0  stm32f4xx_ll_usb.o(i.USB_GetMode)
    i.USB_HC_Halt                            0x08003ca6   Section        0  stm32f4xx_ll_usb.o(i.USB_HC_Halt)
    i.USB_HC_Init                            0x08003d68   Section        0  stm32f4xx_ll_usb.o(i.USB_HC_Init)
    i.USB_HC_ReadInterrupt                   0x08003e58   Section        0  stm32f4xx_ll_usb.o(i.USB_HC_ReadInterrupt)
    i.USB_HC_StartXfer                       0x08003e60   Section        0  stm32f4xx_ll_usb.o(i.USB_HC_StartXfer)
    i.USB_HostInit                           0x08003fb0   Section        0  stm32f4xx_ll_usb.o(i.USB_HostInit)
    i.USB_InitFSLSPClkSel                    0x08004088   Section        0  stm32f4xx_ll_usb.o(i.USB_InitFSLSPClkSel)
    i.USB_ReadInterrupts                     0x080040be   Section        0  stm32f4xx_ll_usb.o(i.USB_ReadInterrupts)
    i.USB_ReadPacket                         0x080040c6   Section        0  stm32f4xx_ll_usb.o(i.USB_ReadPacket)
    i.USB_ResetPort                          0x080040e2   Section        0  stm32f4xx_ll_usb.o(i.USB_ResetPort)
    i.USB_SetCurrentMode                     0x08004114   Section        0  stm32f4xx_ll_usb.o(i.USB_SetCurrentMode)
    i.USB_StopHost                           0x08004144   Section        0  stm32f4xx_ll_usb.o(i.USB_StopHost)
    i.USB_WritePacket                        0x080041c2   Section        0  stm32f4xx_ll_usb.o(i.USB_WritePacket)
    i.UsageFault_Handler                     0x080041e6   Section        0  stm32f4xx_it.o(i.UsageFault_Handler)
    i.__NVIC_SetPriority                     0x080041e8   Section        0  stm32f4xx_hal_cortex.o(i.__NVIC_SetPriority)
    __NVIC_SetPriority                       0x080041e9   Thumb Code    32  stm32f4xx_hal_cortex.o(i.__NVIC_SetPriority)
    i.__hardfp_log                           0x08004208   Section        0  log.o(i.__hardfp_log)
    i.__kernel_poly                          0x080045cc   Section        0  poly.o(i.__kernel_poly)
    i.__mathlib_dbl_divzero                  0x080046c8   Section        0  dunder.o(i.__mathlib_dbl_divzero)
    i.__mathlib_dbl_infnan                   0x080046f8   Section        0  dunder.o(i.__mathlib_dbl_infnan)
    i.__mathlib_dbl_invalid                  0x08004710   Section        0  dunder.o(i.__mathlib_dbl_invalid)
    i.__scatterload_copy                     0x08004730   Section       14  handlers.o(i.__scatterload_copy)
    i.__scatterload_null                     0x0800473e   Section        2  handlers.o(i.__scatterload_null)
    i.__scatterload_zeroinit                 0x08004740   Section       14  handlers.o(i.__scatterload_zeroinit)
    i.__set_errno                            0x08004750   Section        0  errno.o(i.__set_errno)
    i.free                                   0x0800475c   Section        0  malloc.o(i.free)
    i.main                                   0x080047ac   Section        0  main.o(i.main)
    i.malloc                                 0x080048a0   Section        0  malloc.o(i.malloc)
    .constdata                               0x0800490c   Section       16  system_stm32f4xx.o(.constdata)
    .constdata                               0x0800491c   Section        8  system_stm32f4xx.o(.constdata)
    .constdata                               0x08004928   Section       56  log.o(.constdata)
    Lg2                                      0x08004928   Data          24  log.o(.constdata)
    Lg                                       0x08004940   Data          32  log.o(.constdata)
    .constdata                               0x08004960   Section        8  qnan.o(.constdata)
    .conststring                             0x08004968   Section        4  usbh_cdc.o(.conststring)
    .data                                    0x20000000   Section       16  main.o(.data)
    .data                                    0x20000010   Section        1  usb_host.o(.data)
    .data                                    0x20000014   Section        4  stm32f4xx_ll_usb.o(.data)
    tmpreg                                   0x20000014   Data           4  stm32f4xx_ll_usb.o(.data)
    .data                                    0x20000018   Section       12  stm32f4xx_hal.o(.data)
    .data                                    0x20000024   Section        4  system_stm32f4xx.o(.data)
    .data                                    0x20000028   Section       32  usbh_cdc.o(.data)
    .data                                    0x20000048   Section        4  mvars.o(.data)
    .data                                    0x2000004c   Section        4  mvars.o(.data)
    .data                                    0x20000050   Section        4  errno.o(.data)
    _errno                                   0x20000050   Data           4  errno.o(.data)
    .bss                                     0x20000054   Section      316  main.o(.bss)
    .bss                                     0x20000190   Section      972  usb_host.o(.bss)
    .bss                                     0x2000055c   Section      708  usbh_conf.o(.bss)
    HEAP                                     0x20000820   Section      512  startup_stm32f407xx.o(HEAP)
    STACK                                    0x20000a20   Section     1024  startup_stm32f407xx.o(STACK)

    Global Symbols

    Symbol Name                              Value     Ov Type        Size  Object(Section)

    BuildAttributes$$THM_ISAv4$E$P$D$K$B$S$7EM$VFPi3$EXTD16$VFPS$VFMA$PE$A:L22UL41UL21$X:L11$S22US41US21$IEEE1$IW$USESV6$~STKCKD$USESV7$~SHL$OTIME$ROPI$IEEEX$EBA8$MICROLIB$REQ8$PRES8$EABIv2 0x00000000   Number         0  anon$$obj.o ABSOLUTE
    __ARM_use_no_argv                        0x00000000   Number         0  main.o ABSOLUTE
    __cpp_initialize__aeabi_                  - Undefined Weak Reference
    __cxa_finalize                            - Undefined Weak Reference
    __decompress                              - Undefined Weak Reference
    _clock_init                               - Undefined Weak Reference
    _microlib_exit                            - Undefined Weak Reference
    __Vectors_Size                           0x00000188   Number         0  startup_stm32f407xx.o ABSOLUTE
    __Vectors                                0x08000000   Data           4  startup_stm32f407xx.o(RESET)
    __Vectors_End                            0x08000188   Data           0  startup_stm32f407xx.o(RESET)
    __main                                   0x08000189   Thumb Code     0  entry.o(.ARM.Collect$$$$00000000)
    _main_stk                                0x08000189   Thumb Code     0  entry2.o(.ARM.Collect$$$$00000001)
    _main_scatterload                        0x0800018d   Thumb Code     0  entry5.o(.ARM.Collect$$$$00000004)
    __main_after_scatterload                 0x08000191   Thumb Code     0  entry5.o(.ARM.Collect$$$$00000004)
    _main_clock                              0x08000191   Thumb Code     0  entry7b.o(.ARM.Collect$$$$00000008)
    _main_cpp_init                           0x08000191   Thumb Code     0  entry8b.o(.ARM.Collect$$$$0000000A)
    _main_init                               0x08000191   Thumb Code     0  entry9a.o(.ARM.Collect$$$$0000000B)
    __rt_final_cpp                           0x08000199   Thumb Code     0  entry10a.o(.ARM.Collect$$$$0000000D)
    __rt_final_exit                          0x08000199   Thumb Code     0  entry11a.o(.ARM.Collect$$$$0000000F)
    Reset_Handler                            0x0800019d   Thumb Code     8  startup_stm32f407xx.o(.text)
    CAN1_RX0_IRQHandler                      0x080001b7   Thumb Code     0  startup_stm32f407xx.o(.text)
    CAN1_RX1_IRQHandler                      0x080001b7   Thumb Code     0  startup_stm32f407xx.o(.text)
    CAN1_SCE_IRQHandler                      0x080001b7   Thumb Code     0  startup_stm32f407xx.o(.text)
    CAN1_TX_IRQHandler                       0x080001b7   Thumb Code     0  startup_stm32f407xx.o(.text)
    CAN2_RX0_IRQHandler                      0x080001b7   Thumb Code     0  startup_stm32f407xx.o(.text)
    CAN2_RX1_IRQHandler                      0x080001b7   Thumb Code     0  startup_stm32f407xx.o(.text)
    CAN2_SCE_IRQHandler                      0x080001b7   Thumb Code     0  startup_stm32f407xx.o(.text)
    CAN2_TX_IRQHandler                       0x080001b7   Thumb Code     0  startup_stm32f407xx.o(.text)
    DCMI_IRQHandler                          0x080001b7   Thumb Code     0  startup_stm32f407xx.o(.text)
    DMA1_Stream0_IRQHandler                  0x080001b7   Thumb Code     0  startup_stm32f407xx.o(.text)
    DMA1_Stream1_IRQHandler                  0x080001b7   Thumb Code     0  startup_stm32f407xx.o(.text)
    DMA1_Stream2_IRQHandler                  0x080001b7   Thumb Code     0  startup_stm32f407xx.o(.text)
    DMA1_Stream3_IRQHandler                  0x080001b7   Thumb Code     0  startup_stm32f407xx.o(.text)
    DMA1_Stream4_IRQHandler                  0x080001b7   Thumb Code     0  startup_stm32f407xx.o(.text)
    DMA1_Stream5_IRQHandler                  0x080001b7   Thumb Code     0  startup_stm32f407xx.o(.text)
    DMA1_Stream6_IRQHandler                  0x080001b7   Thumb Code     0  startup_stm32f407xx.o(.text)
    DMA1_Stream7_IRQHandler                  0x080001b7   Thumb Code     0  startup_stm32f407xx.o(.text)
    DMA2_Stream0_IRQHandler                  0x080001b7   Thumb Code     0  startup_stm32f407xx.o(.text)
    DMA2_Stream1_IRQHandler                  0x080001b7   Thumb Code     0  startup_stm32f407xx.o(.text)
    DMA2_Stream2_IRQHandler                  0x080001b7   Thumb Code     0  startup_stm32f407xx.o(.text)
    DMA2_Stream3_IRQHandler                  0x080001b7   Thumb Code     0  startup_stm32f407xx.o(.text)
    DMA2_Stream4_IRQHandler                  0x080001b7   Thumb Code     0  startup_stm32f407xx.o(.text)
    DMA2_Stream5_IRQHandler                  0x080001b7   Thumb Code     0  startup_stm32f407xx.o(.text)
    DMA2_Stream6_IRQHandler                  0x080001b7   Thumb Code     0  startup_stm32f407xx.o(.text)
    DMA2_Stream7_IRQHandler                  0x080001b7   Thumb Code     0  startup_stm32f407xx.o(.text)
    ETH_IRQHandler                           0x080001b7   Thumb Code     0  startup_stm32f407xx.o(.text)
    ETH_WKUP_IRQHandler                      0x080001b7   Thumb Code     0  startup_stm32f407xx.o(.text)
    EXTI0_IRQHandler                         0x080001b7   Thumb Code     0  startup_stm32f407xx.o(.text)
    EXTI15_10_IRQHandler                     0x080001b7   Thumb Code     0  startup_stm32f407xx.o(.text)
    EXTI1_IRQHandler                         0x080001b7   Thumb Code     0  startup_stm32f407xx.o(.text)
    EXTI2_IRQHandler                         0x080001b7   Thumb Code     0  startup_stm32f407xx.o(.text)
    EXTI3_IRQHandler                         0x080001b7   Thumb Code     0  startup_stm32f407xx.o(.text)
    EXTI4_IRQHandler                         0x080001b7   Thumb Code     0  startup_stm32f407xx.o(.text)
    EXTI9_5_IRQHandler                       0x080001b7   Thumb Code     0  startup_stm32f407xx.o(.text)
    FLASH_IRQHandler                         0x080001b7   Thumb Code     0  startup_stm32f407xx.o(.text)
    FMC_IRQHandler                           0x080001b7   Thumb Code     0  startup_stm32f407xx.o(.text)
    FPU_IRQHandler                           0x080001b7   Thumb Code     0  startup_stm32f407xx.o(.text)
    HASH_RNG_IRQHandler                      0x080001b7   Thumb Code     0  startup_stm32f407xx.o(.text)
    I2C1_ER_IRQHandler                       0x080001b7   Thumb Code     0  startup_stm32f407xx.o(.text)
    I2C1_EV_IRQHandler                       0x080001b7   Thumb Code     0  startup_stm32f407xx.o(.text)
    I2C2_ER_IRQHandler                       0x080001b7   Thumb Code     0  startup_stm32f407xx.o(.text)
    I2C2_EV_IRQHandler                       0x080001b7   Thumb Code     0  startup_stm32f407xx.o(.text)
    I2C3_ER_IRQHandler                       0x080001b7   Thumb Code     0  startup_stm32f407xx.o(.text)
    I2C3_EV_IRQHandler                       0x080001b7   Thumb Code     0  startup_stm32f407xx.o(.text)
    OTG_FS_WKUP_IRQHandler                   0x080001b7   Thumb Code     0  startup_stm32f407xx.o(.text)
    OTG_HS_EP1_IN_IRQHandler                 0x080001b7   Thumb Code     0  startup_stm32f407xx.o(.text)
    OTG_HS_EP1_OUT_IRQHandler                0x080001b7   Thumb Code     0  startup_stm32f407xx.o(.text)
    OTG_HS_IRQHandler                        0x080001b7   Thumb Code     0  startup_stm32f407xx.o(.text)
    OTG_HS_WKUP_IRQHandler                   0x080001b7   Thumb Code     0  startup_stm32f407xx.o(.text)
    PVD_IRQHandler                           0x080001b7   Thumb Code     0  startup_stm32f407xx.o(.text)
    RCC_IRQHandler                           0x080001b7   Thumb Code     0  startup_stm32f407xx.o(.text)
    RTC_Alarm_IRQHandler                     0x080001b7   Thumb Code     0  startup_stm32f407xx.o(.text)
    RTC_WKUP_IRQHandler                      0x080001b7   Thumb Code     0  startup_stm32f407xx.o(.text)
    SDIO_IRQHandler                          0x080001b7   Thumb Code     0  startup_stm32f407xx.o(.text)
    SPI1_IRQHandler                          0x080001b7   Thumb Code     0  startup_stm32f407xx.o(.text)
    SPI2_IRQHandler                          0x080001b7   Thumb Code     0  startup_stm32f407xx.o(.text)
    SPI3_IRQHandler                          0x080001b7   Thumb Code     0  startup_stm32f407xx.o(.text)
    TAMP_STAMP_IRQHandler                    0x080001b7   Thumb Code     0  startup_stm32f407xx.o(.text)
    TIM1_BRK_TIM9_IRQHandler                 0x080001b7   Thumb Code     0  startup_stm32f407xx.o(.text)
    TIM1_CC_IRQHandler                       0x080001b7   Thumb Code     0  startup_stm32f407xx.o(.text)
    TIM1_TRG_COM_TIM11_IRQHandler            0x080001b7   Thumb Code     0  startup_stm32f407xx.o(.text)
    TIM1_UP_TIM10_IRQHandler                 0x080001b7   Thumb Code     0  startup_stm32f407xx.o(.text)
    TIM2_IRQHandler                          0x080001b7   Thumb Code     0  startup_stm32f407xx.o(.text)
    TIM3_IRQHandler                          0x080001b7   Thumb Code     0  startup_stm32f407xx.o(.text)
    TIM4_IRQHandler                          0x080001b7   Thumb Code     0  startup_stm32f407xx.o(.text)
    TIM5_IRQHandler                          0x080001b7   Thumb Code     0  startup_stm32f407xx.o(.text)
    TIM6_DAC_IRQHandler                      0x080001b7   Thumb Code     0  startup_stm32f407xx.o(.text)
    TIM7_IRQHandler                          0x080001b7   Thumb Code     0  startup_stm32f407xx.o(.text)
    TIM8_BRK_TIM12_IRQHandler                0x080001b7   Thumb Code     0  startup_stm32f407xx.o(.text)
    TIM8_CC_IRQHandler                       0x080001b7   Thumb Code     0  startup_stm32f407xx.o(.text)
    TIM8_TRG_COM_TIM14_IRQHandler            0x080001b7   Thumb Code     0  startup_stm32f407xx.o(.text)
    TIM8_UP_TIM13_IRQHandler                 0x080001b7   Thumb Code     0  startup_stm32f407xx.o(.text)
    UART4_IRQHandler                         0x080001b7   Thumb Code     0  startup_stm32f407xx.o(.text)
    UART5_IRQHandler                         0x080001b7   Thumb Code     0  startup_stm32f407xx.o(.text)
    USART1_IRQHandler                        0x080001b7   Thumb Code     0  startup_stm32f407xx.o(.text)
    USART2_IRQHandler                        0x080001b7   Thumb Code     0  startup_stm32f407xx.o(.text)
    USART3_IRQHandler                        0x080001b7   Thumb Code     0  startup_stm32f407xx.o(.text)
    USART6_IRQHandler                        0x080001b7   Thumb Code     0  startup_stm32f407xx.o(.text)
    WWDG_IRQHandler                          0x080001b7   Thumb Code     0  startup_stm32f407xx.o(.text)
    __aeabi_uldivmod                         0x080001c1   Thumb Code    98  uldiv.o(.text)
    __aeabi_memcpy                           0x08000223   Thumb Code    36  memcpya.o(.text)
    __aeabi_memcpy4                          0x08000223   Thumb Code     0  memcpya.o(.text)
    __aeabi_memcpy8                          0x08000223   Thumb Code     0  memcpya.o(.text)
    __aeabi_memset                           0x08000247   Thumb Code    14  memseta.o(.text)
    __aeabi_memset4                          0x08000247   Thumb Code     0  memseta.o(.text)
    __aeabi_memset8                          0x08000247   Thumb Code     0  memseta.o(.text)
    __aeabi_memclr                           0x08000255   Thumb Code     4  memseta.o(.text)
    __aeabi_memclr4                          0x08000255   Thumb Code     0  memseta.o(.text)
    __aeabi_memclr8                          0x08000255   Thumb Code     0  memseta.o(.text)
    _memset$wrapper                          0x08000259   Thumb Code    18  memseta.o(.text)
    __aeabi_dadd                             0x0800026b   Thumb Code   322  dadd.o(.text)
    __aeabi_dsub                             0x080003ad   Thumb Code     6  dadd.o(.text)
    __aeabi_drsub                            0x080003b3   Thumb Code     6  dadd.o(.text)
    __aeabi_dmul                             0x080003b9   Thumb Code   228  dmul.o(.text)
    __aeabi_ddiv                             0x0800049d   Thumb Code   222  ddiv.o(.text)
    __aeabi_i2d                              0x0800057b   Thumb Code    34  dflti.o(.text)
    __aeabi_cdcmpeq                          0x0800059d   Thumb Code     0  cdcmple.o(.text)
    __aeabi_cdcmple                          0x0800059d   Thumb Code    48  cdcmple.o(.text)
    __aeabi_cdrcmple                         0x080005cd   Thumb Code    48  cdrcmple.o(.text)
    __aeabi_llsl                             0x080005fd   Thumb Code    30  llshl.o(.text)
    _ll_shift_l                              0x080005fd   Thumb Code     0  llshl.o(.text)
    __aeabi_llsr                             0x0800061b   Thumb Code    32  llushr.o(.text)
    _ll_ushift_r                             0x0800061b   Thumb Code     0  llushr.o(.text)
    __aeabi_lasr                             0x0800063b   Thumb Code    36  llsshr.o(.text)
    _ll_sshift_r                             0x0800063b   Thumb Code     0  llsshr.o(.text)
    __I$use$fp                               0x0800065f   Thumb Code     0  iusefp.o(.text)
    _double_round                            0x0800065f   Thumb Code    30  depilogue.o(.text)
    _double_epilogue                         0x0800067d   Thumb Code   156  depilogue.o(.text)
    __scatterload                            0x08000719   Thumb Code    28  init.o(.text)
    __scatterload_rt2                        0x08000719   Thumb Code     0  init.o(.text)
    ADC_IRQHandler                           0x0800073d   Thumb Code     6  stm32f4xx_it.o(i.ADC_IRQHandler)
    BusFault_Handler                         0x08000871   Thumb Code     2  stm32f4xx_it.o(i.BusFault_Handler)
    DebugMon_Handler                         0x08000999   Thumb Code     2  stm32f4xx_it.o(i.DebugMon_Handler)
    Error_Handler                            0x0800099b   Thumb Code     2  main.o(i.Error_Handler)
    HAL_ADCEx_InjectedConvCpltCallback       0x080009b3   Thumb Code     2  stm32f4xx_hal_adc_ex.o(i.HAL_ADCEx_InjectedConvCpltCallback)
    HAL_ADC_ConfigChannel                    0x080009b5   Thumb Code   316  stm32f4xx_hal_adc.o(i.HAL_ADC_ConfigChannel)
    HAL_ADC_ConvCpltCallback                 0x08000b01   Thumb Code     2  stm32f4xx_hal_adc.o(i.HAL_ADC_ConvCpltCallback)
    HAL_ADC_ErrorCallback                    0x08000b03   Thumb Code     2  stm32f4xx_hal_adc.o(i.HAL_ADC_ErrorCallback)
    HAL_ADC_GetValue                         0x08000b05   Thumb Code     6  stm32f4xx_hal_adc.o(i.HAL_ADC_GetValue)
    HAL_ADC_IRQHandler                       0x08000b0b   Thumb Code   316  stm32f4xx_hal_adc.o(i.HAL_ADC_IRQHandler)
    HAL_ADC_Init                             0x08000c47   Thumb Code    84  stm32f4xx_hal_adc.o(i.HAL_ADC_Init)
    HAL_ADC_LevelOutOfWindowCallback         0x08000c9b   Thumb Code     2  stm32f4xx_hal_adc.o(i.HAL_ADC_LevelOutOfWindowCallback)
    HAL_ADC_MspInit                          0x08000c9d   Thumb Code   100  stm32f4xx_hal_msp.o(i.HAL_ADC_MspInit)
    HAL_ADC_Start                            0x08000d0d   Thumb Code   210  stm32f4xx_hal_adc.o(i.HAL_ADC_Start)
    HAL_Delay                                0x08000df9   Thumb Code    32  stm32f4xx_hal.o(i.HAL_Delay)
    HAL_GPIO_Init                            0x08000e1d   Thumb Code   388  stm32f4xx_hal_gpio.o(i.HAL_GPIO_Init)
    HAL_GPIO_WritePin                        0x08000fcd   Thumb Code    10  stm32f4xx_hal_gpio.o(i.HAL_GPIO_WritePin)
    HAL_GetTick                              0x08000fd9   Thumb Code     6  stm32f4xx_hal.o(i.HAL_GetTick)
    HAL_HCD_Connect_Callback                 0x08000fe5   Thumb Code     8  usbh_conf.o(i.HAL_HCD_Connect_Callback)
    HAL_HCD_Disconnect_Callback              0x08000fed   Thumb Code     8  usbh_conf.o(i.HAL_HCD_Disconnect_Callback)
    HAL_HCD_GetCurrentFrame                  0x08000ff5   Thumb Code     6  stm32f4xx_hal_hcd.o(i.HAL_HCD_GetCurrentFrame)
    HAL_HCD_GetCurrentSpeed                  0x08000ffb   Thumb Code     6  stm32f4xx_hal_hcd.o(i.HAL_HCD_GetCurrentSpeed)
    HAL_HCD_HC_GetURBState                   0x08001001   Thumb Code    14  stm32f4xx_hal_hcd.o(i.HAL_HCD_HC_GetURBState)
    HAL_HCD_HC_GetXferCount                  0x0800100f   Thumb Code    12  stm32f4xx_hal_hcd.o(i.HAL_HCD_HC_GetXferCount)
    HAL_HCD_HC_Halt                          0x0800101b   Thumb Code    36  stm32f4xx_hal_hcd.o(i.HAL_HCD_HC_Halt)
    HAL_HCD_HC_Init                          0x0800103f   Thumb Code   114  stm32f4xx_hal_hcd.o(i.HAL_HCD_HC_Init)
    HAL_HCD_HC_NotifyURBChange_Callback      0x080010b1   Thumb Code     2  usbh_conf.o(i.HAL_HCD_HC_NotifyURBChange_Callback)
    HAL_HCD_HC_SubmitRequest                 0x080010b3   Thumb Code   142  stm32f4xx_hal_hcd.o(i.HAL_HCD_HC_SubmitRequest)
    HAL_HCD_IRQHandler                       0x08001141   Thumb Code   306  stm32f4xx_hal_hcd.o(i.HAL_HCD_IRQHandler)
    HAL_HCD_Init                             0x08001273   Thumb Code   114  stm32f4xx_hal_hcd.o(i.HAL_HCD_Init)
    HAL_HCD_MspInit                          0x080012e5   Thumb Code   140  usbh_conf.o(i.HAL_HCD_MspInit)
    HAL_HCD_PortDisabled_Callback            0x08001379   Thumb Code     8  usbh_conf.o(i.HAL_HCD_PortDisabled_Callback)
    HAL_HCD_PortEnabled_Callback             0x08001381   Thumb Code     8  usbh_conf.o(i.HAL_HCD_PortEnabled_Callback)
    HAL_HCD_ResetPort                        0x08001389   Thumb Code     6  stm32f4xx_hal_hcd.o(i.HAL_HCD_ResetPort)
    HAL_HCD_SOF_Callback                     0x0800138f   Thumb Code     8  usbh_conf.o(i.HAL_HCD_SOF_Callback)
    HAL_HCD_Start                            0x08001397   Thumb Code    44  stm32f4xx_hal_hcd.o(i.HAL_HCD_Start)
    HAL_HCD_Stop                             0x080013c3   Thumb Code    36  stm32f4xx_hal_hcd.o(i.HAL_HCD_Stop)
    HAL_I2C_Init                             0x080013e9   Thumb Code   356  stm32f4xx_hal_i2c.o(i.HAL_I2C_Init)
    HAL_I2C_MspInit                          0x0800155d   Thumb Code    94  stm32f4xx_hal_msp.o(i.HAL_I2C_MspInit)
    HAL_I2SEx_FullDuplex_IRQHandler          0x080015c9   Thumb Code   492  stm32f4xx_hal_i2s_ex.o(i.HAL_I2SEx_FullDuplex_IRQHandler)
    HAL_I2SEx_TxRxCpltCallback               0x080017bd   Thumb Code     2  stm32f4xx_hal_i2s_ex.o(i.HAL_I2SEx_TxRxCpltCallback)
    HAL_I2S_ErrorCallback                    0x080017bf   Thumb Code     2  stm32f4xx_hal_i2s.o(i.HAL_I2S_ErrorCallback)
    HAL_I2S_Init                             0x080017c1   Thumb Code   354  stm32f4xx_hal_i2s.o(i.HAL_I2S_Init)
    HAL_I2S_MspInit                          0x08001935   Thumb Code   128  stm32f4xx_hal_msp.o(i.HAL_I2S_MspInit)
    HAL_I2S_RxCpltCallback                   0x080019c5   Thumb Code     2  stm32f4xx_hal_i2s.o(i.HAL_I2S_RxCpltCallback)
    HAL_I2S_TxCpltCallback                   0x080019c7   Thumb Code     2  stm32f4xx_hal_i2s.o(i.HAL_I2S_TxCpltCallback)
    HAL_IncTick                              0x080019c9   Thumb Code    12  stm32f4xx_hal.o(i.HAL_IncTick)
    HAL_Init                                 0x080019d9   Thumb Code    48  stm32f4xx_hal.o(i.HAL_Init)
    HAL_InitTick                             0x08001a0d   Thumb Code    54  stm32f4xx_hal.o(i.HAL_InitTick)
    HAL_MspInit                              0x08001a4d   Thumb Code    48  stm32f4xx_hal_msp.o(i.HAL_MspInit)
    HAL_NVIC_EnableIRQ                       0x08001a81   Thumb Code    26  stm32f4xx_hal_cortex.o(i.HAL_NVIC_EnableIRQ)
    HAL_NVIC_SetPriority                     0x08001a9d   Thumb Code    60  stm32f4xx_hal_cortex.o(i.HAL_NVIC_SetPriority)
    HAL_NVIC_SetPriorityGrouping             0x08001add   Thumb Code    26  stm32f4xx_hal_cortex.o(i.HAL_NVIC_SetPriorityGrouping)
    HAL_RCCEx_GetPeriphCLKFreq               0x08001b01   Thumb Code    76  stm32f4xx_hal_rcc_ex.o(i.HAL_RCCEx_GetPeriphCLKFreq)
    HAL_RCCEx_PeriphCLKConfig                0x08001b5d   Thumb Code   296  stm32f4xx_hal_rcc_ex.o(i.HAL_RCCEx_PeriphCLKConfig)
    HAL_RCC_ClockConfig                      0x08001c99   Thumb Code   286  stm32f4xx_hal_rcc.o(i.HAL_RCC_ClockConfig)
    HAL_RCC_GetPCLK1Freq                     0x08001dc9   Thumb Code    20  stm32f4xx_hal_rcc.o(i.HAL_RCC_GetPCLK1Freq)
    HAL_RCC_GetSysClockFreq                  0x08001de9   Thumb Code    88  stm32f4xx_hal_rcc.o(i.HAL_RCC_GetSysClockFreq)
    HAL_RCC_OscConfig                        0x08001e49   Thumb Code   770  stm32f4xx_hal_rcc.o(i.HAL_RCC_OscConfig)
    HAL_SPI_Init                             0x08002165   Thumb Code   128  stm32f4xx_hal_spi.o(i.HAL_SPI_Init)
    HAL_SPI_MspInit                          0x080021e5   Thumb Code    90  stm32f4xx_hal_msp.o(i.HAL_SPI_MspInit)
    HAL_SYSTICK_Config                       0x0800224d   Thumb Code    40  stm32f4xx_hal_cortex.o(i.HAL_SYSTICK_Config)
    HardFault_Handler                        0x0800280d   Thumb Code     2  stm32f4xx_it.o(i.HardFault_Handler)
    MX_DriverVbusFS                          0x08002a35   Thumb Code    16  usbh_platform.o(i.MX_DriverVbusFS)
    MX_USB_HOST_Init                         0x08002be1   Thumb Code    52  usb_host.o(i.MX_USB_HOST_Init)
    MX_USB_HOST_Process                      0x08002c21   Thumb Code     6  usb_host.o(i.MX_USB_HOST_Process)
    MemManage_Handler                        0x08002c2d   Thumb Code     2  stm32f4xx_it.o(i.MemManage_Handler)
    NMI_Handler                              0x08002c2f   Thumb Code     2  stm32f4xx_it.o(i.NMI_Handler)
    OTG_FS_IRQHandler                        0x08002c31   Thumb Code     6  stm32f4xx_it.o(i.OTG_FS_IRQHandler)
    PendSV_Handler                           0x08002c3d   Thumb Code     2  stm32f4xx_it.o(i.PendSV_Handler)
    SVC_Handler                              0x08002c3f   Thumb Code     2  stm32f4xx_it.o(i.SVC_Handler)
    SysTick_Handler                          0x08002c41   Thumb Code     4  stm32f4xx_it.o(i.SysTick_Handler)
    SystemClock_Config                       0x08002c45   Thumb Code   148  main.o(i.SystemClock_Config)
    SystemInit                               0x08002ce1   Thumb Code    66  system_stm32f4xx.o(i.SystemInit)
    Termistor                                0x08002d35   Thumb Code   136  main.o(i.Termistor)
    USBH_AllocPipe                           0x08002de9   Thumb Code    52  usbh_pipes.o(i.USBH_AllocPipe)
    USBH_BulkReceiveData                     0x08002e1d   Thumb Code    32  usbh_ioreq.o(i.USBH_BulkReceiveData)
    USBH_BulkSendData                        0x08002e3d   Thumb Code    40  usbh_ioreq.o(i.USBH_BulkSendData)
    USBH_CDC_LineCodingChanged               0x0800301b   Thumb Code     2  usbh_cdc.o(i.USBH_CDC_LineCodingChanged)
    USBH_CDC_ReceiveCallback                 0x080030d5   Thumb Code     2  usbh_cdc.o(i.USBH_CDC_ReceiveCallback)
    USBH_CDC_TransmitCallback                0x080030db   Thumb Code     2  usbh_cdc.o(i.USBH_CDC_TransmitCallback)
    USBH_ClosePipe                           0x080030dd   Thumb Code    10  usbh_pipes.o(i.USBH_ClosePipe)
    USBH_ClrFeature                          0x080030e7   Thumb Code    30  usbh_ctlreq.o(i.USBH_ClrFeature)
    USBH_CtlReceiveData                      0x08003105   Thumb Code    30  usbh_ioreq.o(i.USBH_CtlReceiveData)
    USBH_CtlReq                              0x08003123   Thumb Code    58  usbh_ctlreq.o(i.USBH_CtlReq)
    USBH_CtlSendData                         0x0800315d   Thumb Code    40  usbh_ioreq.o(i.USBH_CtlSendData)
    USBH_CtlSendSetup                        0x08003185   Thumb Code    30  usbh_ioreq.o(i.USBH_CtlSendSetup)
    USBH_Delay                               0x080031a3   Thumb Code     4  usbh_conf.o(i.USBH_Delay)
    USBH_FindInterface                       0x080031a9   Thumb Code    68  usbh_core.o(i.USBH_FindInterface)
    USBH_FreePipe                            0x080031ed   Thumb Code    24  usbh_pipes.o(i.USBH_FreePipe)
    USBH_GetDescriptor                       0x08003205   Thumb Code    52  usbh_ctlreq.o(i.USBH_GetDescriptor)
    USBH_GetNextDesc                         0x08003239   Thumb Code    14  usbh_ctlreq.o(i.USBH_GetNextDesc)
    USBH_Get_CfgDesc                         0x08003247   Thumb Code    44  usbh_ctlreq.o(i.USBH_Get_CfgDesc)
    USBH_Get_DevDesc                         0x08003273   Thumb Code   144  usbh_ctlreq.o(i.USBH_Get_DevDesc)
    USBH_Get_StringDesc                      0x08003303   Thumb Code    72  usbh_ctlreq.o(i.USBH_Get_StringDesc)
    USBH_Get_USB_Status                      0x0800334b   Thumb Code    24  usbh_conf.o(i.USBH_Get_USB_Status)
    USBH_Init                                0x080035df   Thumb Code    48  usbh_core.o(i.USBH_Init)
    USBH_LL_ClosePipe                        0x0800360f   Thumb Code    18  usbh_conf.o(i.USBH_LL_ClosePipe)
    USBH_LL_Connect                          0x08003621   Thumb Code    42  usbh_core.o(i.USBH_LL_Connect)
    USBH_LL_Disconnect                       0x0800364b   Thumb Code    56  usbh_core.o(i.USBH_LL_Disconnect)
    USBH_LL_DriverVBUS                       0x08003683   Thumb Code    26  usbh_conf.o(i.USBH_LL_DriverVBUS)
    USBH_LL_GetLastXferSize                  0x0800369d   Thumb Code     8  usbh_conf.o(i.USBH_LL_GetLastXferSize)
    USBH_LL_GetSpeed                         0x080036a5   Thumb Code    34  usbh_conf.o(i.USBH_LL_GetSpeed)
    USBH_LL_GetURBState                      0x080036c7   Thumb Code     8  usbh_conf.o(i.USBH_LL_GetURBState)
    USBH_LL_IncTimer                         0x080036cf   Thumb Code    30  usbh_core.o(i.USBH_LL_IncTimer)
    USBH_LL_Init                             0x080036ed   Thumb Code    74  usbh_conf.o(i.USBH_LL_Init)
    USBH_LL_OpenPipe                         0x0800373d   Thumb Code    28  usbh_conf.o(i.USBH_LL_OpenPipe)
    USBH_LL_PortDisabled                     0x08003759   Thumb Code     8  usbh_core.o(i.USBH_LL_PortDisabled)
    USBH_LL_PortEnabled                      0x08003761   Thumb Code     8  usbh_core.o(i.USBH_LL_PortEnabled)
    USBH_LL_ResetPort                        0x08003769   Thumb Code    18  usbh_conf.o(i.USBH_LL_ResetPort)
    USBH_LL_SetTimer                         0x0800377b   Thumb Code     6  usbh_core.o(i.USBH_LL_SetTimer)
    USBH_LL_SetToggle                        0x08003781   Thumb Code    32  usbh_conf.o(i.USBH_LL_SetToggle)
    USBH_LL_Start                            0x080037a1   Thumb Code    18  usbh_conf.o(i.USBH_LL_Start)
    USBH_LL_Stop                             0x080037b3   Thumb Code    18  usbh_conf.o(i.USBH_LL_Stop)
    USBH_LL_SubmitURB                        0x080037c5   Thumb Code    34  usbh_conf.o(i.USBH_LL_SubmitURB)
    USBH_OpenPipe                            0x080037e7   Thumb Code    20  usbh_pipes.o(i.USBH_OpenPipe)
    USBH_Process                             0x080038d7   Thumb Code   416  usbh_core.o(i.USBH_Process)
    USBH_RegisterClass                       0x08003a77   Thumb Code    28  usbh_core.o(i.USBH_RegisterClass)
    USBH_SelectInterface                     0x08003a93   Thumb Code    22  usbh_core.o(i.USBH_SelectInterface)
    USBH_SetAddress                          0x08003aa9   Thumb Code    28  usbh_ctlreq.o(i.USBH_SetAddress)
    USBH_SetCfg                              0x08003ac5   Thumb Code    28  usbh_ctlreq.o(i.USBH_SetCfg)
    USBH_SetFeature                          0x08003ae1   Thumb Code    28  usbh_ctlreq.o(i.USBH_SetFeature)
    USBH_Start                               0x08003afd   Thumb Code    20  usbh_core.o(i.USBH_Start)
    USB_CoreInit                             0x08003b31   Thumb Code   112  stm32f4xx_ll_usb.o(i.USB_CoreInit)
    USB_DisableGlobalInt                     0x08003bdd   Thumb Code    12  stm32f4xx_ll_usb.o(i.USB_DisableGlobalInt)
    USB_DoPing                               0x08003be9   Thumb Code    30  stm32f4xx_ll_usb.o(i.USB_DoPing)
    USB_DriveVbus                            0x08003c0d   Thumb Code    44  stm32f4xx_ll_usb.o(i.USB_DriveVbus)
    USB_EnableGlobalInt                      0x08003c39   Thumb Code    12  stm32f4xx_ll_usb.o(i.USB_EnableGlobalInt)
    USB_FlushRxFifo                          0x08003c45   Thumb Code    28  stm32f4xx_ll_usb.o(i.USB_FlushRxFifo)
    USB_FlushTxFifo                          0x08003c65   Thumb Code    32  stm32f4xx_ll_usb.o(i.USB_FlushTxFifo)
    USB_GetCurrentFrame                      0x08003c89   Thumb Code     8  stm32f4xx_ll_usb.o(i.USB_GetCurrentFrame)
    USB_GetHostSpeed                         0x08003c91   Thumb Code    14  stm32f4xx_ll_usb.o(i.USB_GetHostSpeed)
    USB_GetMode                              0x08003c9f   Thumb Code     8  stm32f4xx_ll_usb.o(i.USB_GetMode)
    USB_HC_Halt                              0x08003ca7   Thumb Code   194  stm32f4xx_ll_usb.o(i.USB_HC_Halt)
    USB_HC_Init                              0x08003d69   Thumb Code   240  stm32f4xx_ll_usb.o(i.USB_HC_Init)
    USB_HC_ReadInterrupt                     0x08003e59   Thumb Code     8  stm32f4xx_ll_usb.o(i.USB_HC_ReadInterrupt)
    USB_HC_StartXfer                         0x08003e61   Thumb Code   330  stm32f4xx_ll_usb.o(i.USB_HC_StartXfer)
    USB_HostInit                             0x08003fb1   Thumb Code   194  stm32f4xx_ll_usb.o(i.USB_HostInit)
    USB_InitFSLSPClkSel                      0x08004089   Thumb Code    54  stm32f4xx_ll_usb.o(i.USB_InitFSLSPClkSel)
    USB_ReadInterrupts                       0x080040bf   Thumb Code     8  stm32f4xx_ll_usb.o(i.USB_ReadInterrupts)
    USB_ReadPacket                           0x080040c7   Thumb Code    28  stm32f4xx_ll_usb.o(i.USB_ReadPacket)
    USB_ResetPort                            0x080040e3   Thumb Code    50  stm32f4xx_ll_usb.o(i.USB_ResetPort)
    USB_SetCurrentMode                       0x08004115   Thumb Code    46  stm32f4xx_ll_usb.o(i.USB_SetCurrentMode)
    USB_StopHost                             0x08004145   Thumb Code   126  stm32f4xx_ll_usb.o(i.USB_StopHost)
    USB_WritePacket                          0x080041c3   Thumb Code    36  stm32f4xx_ll_usb.o(i.USB_WritePacket)
    UsageFault_Handler                       0x080041e7   Thumb Code     2  stm32f4xx_it.o(i.UsageFault_Handler)
    __hardfp_log                             0x08004209   Thumb Code   872  log.o(i.__hardfp_log)
    __kernel_poly                            0x080045cd   Thumb Code   248  poly.o(i.__kernel_poly)
    __mathlib_dbl_divzero                    0x080046c9   Thumb Code    28  dunder.o(i.__mathlib_dbl_divzero)
    __mathlib_dbl_infnan                     0x080046f9   Thumb Code    20  dunder.o(i.__mathlib_dbl_infnan)
    __mathlib_dbl_invalid                    0x08004711   Thumb Code    24  dunder.o(i.__mathlib_dbl_invalid)
    __scatterload_copy                       0x08004731   Thumb Code    14  handlers.o(i.__scatterload_copy)
    __scatterload_null                       0x0800473f   Thumb Code     2  handlers.o(i.__scatterload_null)
    __scatterload_zeroinit                   0x08004741   Thumb Code    14  handlers.o(i.__scatterload_zeroinit)
    __set_errno                              0x08004751   Thumb Code     6  errno.o(i.__set_errno)
    free                                     0x0800475d   Thumb Code    76  malloc.o(i.free)
    main                                     0x080047ad   Thumb Code   206  main.o(i.main)
    malloc                                   0x080048a1   Thumb Code    92  malloc.o(i.malloc)
    AHBPrescTable                            0x0800490c   Data          16  system_stm32f4xx.o(.constdata)
    APBPrescTable                            0x0800491c   Data           8  system_stm32f4xx.o(.constdata)
    __mathlib_zero                           0x08004960   Data           8  qnan.o(.constdata)
    Region$$Table$$Base                      0x0800496c   Number         0  anon$$obj.o(Region$$Table)
    Region$$Table$$Limit                     0x0800498c   Number         0  anon$$obj.o(Region$$Table)
    ADCValue                                 0x20000000   Data           4  main.o(.data)
    temp                                     0x20000008   Data           8  main.o(.data)
    Appli_state                              0x20000010   Data           1  usb_host.o(.data)
    uwTickFreq                               0x20000018   Data           1  stm32f4xx_hal.o(.data)
    uwTickPrio                               0x2000001c   Data           4  stm32f4xx_hal.o(.data)
    uwTick                                   0x20000020   Data           4  stm32f4xx_hal.o(.data)
    SystemCoreClock                          0x20000024   Data           4  system_stm32f4xx.o(.data)
    CDC_Class                                0x20000028   Data          32  usbh_cdc.o(.data)
    __microlib_freelist                      0x20000048   Data           4  mvars.o(.data)
    __microlib_freelist_initialised          0x2000004c   Data           4  mvars.o(.data)
    hadc1                                    0x20000054   Data          72  main.o(.bss)
    hi2c1                                    0x2000009c   Data          84  main.o(.bss)
    hi2s3                                    0x200000f0   Data          72  main.o(.bss)
    hspi1                                    0x20000138   Data          88  main.o(.bss)
    hUsbHostFS                               0x20000190   Data         972  usb_host.o(.bss)
    hhcd_USB_OTG_FS                          0x2000055c   Data         708  usbh_conf.o(.bss)
    __heap_base                              0x20000820   Data           0  startup_stm32f407xx.o(HEAP)
    __heap_limit                             0x20000a20   Data           0  startup_stm32f407xx.o(HEAP)
    __initial_sp                             0x20000e20   Data           0  startup_stm32f407xx.o(STACK)



==============================================================================

Memory Map of the image

  Image Entry point : 0x08000189

  Load Region LR_IROM1 (Base: 0x08000000, Size: 0x000049e0, Max: 0x00100000, ABSOLUTE)

    Execution Region ER_IROM1 (Exec base: 0x08000000, Load base: 0x08000000, Size: 0x0000498c, Max: 0x00100000, ABSOLUTE)

    Exec Addr    Load Addr    Size         Type   Attr      Idx    E Section Name        Object

    0x08000000   0x08000000   0x00000188   Data   RO            3    RESET               startup_stm32f407xx.o
    0x08000188   0x08000188   0x00000000   Code   RO         4083  * .ARM.Collect$$$$00000000  mc_w.l(entry.o)
    0x08000188   0x08000188   0x00000004   Code   RO         4151    .ARM.Collect$$$$00000001  mc_w.l(entry2.o)
    0x0800018c   0x0800018c   0x00000004   Code   RO         4154    .ARM.Collect$$$$00000004  mc_w.l(entry5.o)
    0x08000190   0x08000190   0x00000000   Code   RO         4156    .ARM.Collect$$$$00000008  mc_w.l(entry7b.o)
    0x08000190   0x08000190   0x00000000   Code   RO         4158    .ARM.Collect$$$$0000000A  mc_w.l(entry8b.o)
    0x08000190   0x08000190   0x00000008   Code   RO         4159    .ARM.Collect$$$$0000000B  mc_w.l(entry9a.o)
    0x08000198   0x08000198   0x00000000   Code   RO         4161    .ARM.Collect$$$$0000000D  mc_w.l(entry10a.o)
    0x08000198   0x08000198   0x00000000   Code   RO         4163    .ARM.Collect$$$$0000000F  mc_w.l(entry11a.o)
    0x08000198   0x08000198   0x00000004   Code   RO         4152    .ARM.Collect$$$$00002712  mc_w.l(entry2.o)
    0x0800019c   0x0800019c   0x00000024   Code   RO            4    .text               startup_stm32f407xx.o
    0x080001c0   0x080001c0   0x00000062   Code   RO         4086    .text               mc_w.l(uldiv.o)
    0x08000222   0x08000222   0x00000024   Code   RO         4088    .text               mc_w.l(memcpya.o)
    0x08000246   0x08000246   0x00000024   Code   RO         4090    .text               mc_w.l(memseta.o)
    0x0800026a   0x0800026a   0x0000014e   Code   RO         4122    .text               mf_w.l(dadd.o)
    0x080003b8   0x080003b8   0x000000e4   Code   RO         4124    .text               mf_w.l(dmul.o)
    0x0800049c   0x0800049c   0x000000de   Code   RO         4126    .text               mf_w.l(ddiv.o)
    0x0800057a   0x0800057a   0x00000022   Code   RO         4128    .text               mf_w.l(dflti.o)
    0x0800059c   0x0800059c   0x00000030   Code   RO         4130    .text               mf_w.l(cdcmple.o)
    0x080005cc   0x080005cc   0x00000030   Code   RO         4132    .text               mf_w.l(cdrcmple.o)
    0x080005fc   0x080005fc   0x0000001e   Code   RO         4165    .text               mc_w.l(llshl.o)
    0x0800061a   0x0800061a   0x00000020   Code   RO         4167    .text               mc_w.l(llushr.o)
    0x0800063a   0x0800063a   0x00000024   Code   RO         4169    .text               mc_w.l(llsshr.o)
    0x0800065e   0x0800065e   0x00000000   Code   RO         4180    .text               mc_w.l(iusefp.o)
    0x0800065e   0x0800065e   0x000000ba   Code   RO         4181    .text               mf_w.l(depilogue.o)
    0x08000718   0x08000718   0x00000024   Code   RO         4185    .text               mc_w.l(init.o)
    0x0800073c   0x0800073c   0x0000000c   Code   RO          472    i.ADC_IRQHandler    stm32f4xx_it.o
    0x08000748   0x08000748   0x00000128   Code   RO         1111    i.ADC_Init          stm32f4xx_hal_adc.o
    0x08000870   0x08000870   0x00000002   Code   RO          473    i.BusFault_Handler  stm32f4xx_it.o
    0x08000872   0x08000872   0x00000002   PAD
    0x08000874   0x08000874   0x00000068   Code   RO         3953    i.CDC_ProcessReception  usbh_cdc.o
    0x080008dc   0x080008dc   0x00000072   Code   RO         3954    i.CDC_ProcessTransmission  usbh_cdc.o
    0x0800094e   0x0800094e   0x00000002   PAD
    0x08000950   0x08000950   0x00000048   Code   RO         3611    i.DeInitStateMachine  usbh_core.o
    0x08000998   0x08000998   0x00000002   Code   RO          474    i.DebugMon_Handler  stm32f4xx_it.o
    0x0800099a   0x0800099a   0x00000002   Code   RO           13    i.Error_Handler     main.o
    0x0800099c   0x0800099c   0x00000016   Code   RO         3955    i.GetLineCoding     usbh_cdc.o
    0x080009b2   0x080009b2   0x00000002   Code   RO         1282    i.HAL_ADCEx_InjectedConvCpltCallback  stm32f4xx_hal_adc_ex.o
    0x080009b4   0x080009b4   0x0000014c   Code   RO         1113    i.HAL_ADC_ConfigChannel  stm32f4xx_hal_adc.o
    0x08000b00   0x08000b00   0x00000002   Code   RO         1114    i.HAL_ADC_ConvCpltCallback  stm32f4xx_hal_adc.o
    0x08000b02   0x08000b02   0x00000002   Code   RO         1117    i.HAL_ADC_ErrorCallback  stm32f4xx_hal_adc.o
    0x08000b04   0x08000b04   0x00000006   Code   RO         1120    i.HAL_ADC_GetValue  stm32f4xx_hal_adc.o
    0x08000b0a   0x08000b0a   0x0000013c   Code   RO         1121    i.HAL_ADC_IRQHandler  stm32f4xx_hal_adc.o
    0x08000c46   0x08000c46   0x00000054   Code   RO         1122    i.HAL_ADC_Init      stm32f4xx_hal_adc.o
    0x08000c9a   0x08000c9a   0x00000002   Code   RO         1123    i.HAL_ADC_LevelOutOfWindowCallback  stm32f4xx_hal_adc.o
    0x08000c9c   0x08000c9c   0x00000070   Code   RO          561    i.HAL_ADC_MspInit   stm32f4xx_hal_msp.o
    0x08000d0c   0x08000d0c   0x000000ec   Code   RO         1128    i.HAL_ADC_Start     stm32f4xx_hal_adc.o
    0x08000df8   0x08000df8   0x00000024   Code   RO         3325    i.HAL_Delay         stm32f4xx_hal.o
    0x08000e1c   0x08000e1c   0x000001b0   Code   RO         2799    i.HAL_GPIO_Init     stm32f4xx_hal_gpio.o
    0x08000fcc   0x08000fcc   0x0000000a   Code   RO         2803    i.HAL_GPIO_WritePin  stm32f4xx_hal_gpio.o
    0x08000fd6   0x08000fd6   0x00000002   PAD
    0x08000fd8   0x08000fd8   0x0000000c   Code   RO         3331    i.HAL_GetTick       stm32f4xx_hal.o
    0x08000fe4   0x08000fe4   0x00000008   Code   RO          267    i.HAL_HCD_Connect_Callback  usbh_conf.o
    0x08000fec   0x08000fec   0x00000008   Code   RO          268    i.HAL_HCD_Disconnect_Callback  usbh_conf.o
    0x08000ff4   0x08000ff4   0x00000006   Code   RO          635    i.HAL_HCD_GetCurrentFrame  stm32f4xx_hal_hcd.o
    0x08000ffa   0x08000ffa   0x00000006   Code   RO          636    i.HAL_HCD_GetCurrentSpeed  stm32f4xx_hal_hcd.o
    0x08001000   0x08001000   0x0000000e   Code   RO          639    i.HAL_HCD_HC_GetURBState  stm32f4xx_hal_hcd.o
    0x0800100e   0x0800100e   0x0000000c   Code   RO          640    i.HAL_HCD_HC_GetXferCount  stm32f4xx_hal_hcd.o
    0x0800101a   0x0800101a   0x00000024   Code   RO          641    i.HAL_HCD_HC_Halt   stm32f4xx_hal_hcd.o
    0x0800103e   0x0800103e   0x00000072   Code   RO          642    i.HAL_HCD_HC_Init   stm32f4xx_hal_hcd.o
    0x080010b0   0x080010b0   0x00000002   Code   RO          269    i.HAL_HCD_HC_NotifyURBChange_Callback  usbh_conf.o
    0x080010b2   0x080010b2   0x0000008e   Code   RO          644    i.HAL_HCD_HC_SubmitRequest  stm32f4xx_hal_hcd.o
    0x08001140   0x08001140   0x00000132   Code   RO          645    i.HAL_HCD_IRQHandler  stm32f4xx_hal_hcd.o
    0x08001272   0x08001272   0x00000072   Code   RO          646    i.HAL_HCD_Init      stm32f4xx_hal_hcd.o
    0x080012e4   0x080012e4   0x00000094   Code   RO          271    i.HAL_HCD_MspInit   usbh_conf.o
    0x08001378   0x08001378   0x00000008   Code   RO          272    i.HAL_HCD_PortDisabled_Callback  usbh_conf.o
    0x08001380   0x08001380   0x00000008   Code   RO          273    i.HAL_HCD_PortEnabled_Callback  usbh_conf.o
    0x08001388   0x08001388   0x00000006   Code   RO          651    i.HAL_HCD_ResetPort  stm32f4xx_hal_hcd.o
    0x0800138e   0x0800138e   0x00000008   Code   RO          274    i.HAL_HCD_SOF_Callback  usbh_conf.o
    0x08001396   0x08001396   0x0000002c   Code   RO          653    i.HAL_HCD_Start     stm32f4xx_hal_hcd.o
    0x080013c2   0x080013c2   0x00000024   Code   RO          654    i.HAL_HCD_Stop      stm32f4xx_hal_hcd.o
    0x080013e6   0x080013e6   0x00000002   PAD
    0x080013e8   0x080013e8   0x00000174   Code   RO         1394    i.HAL_I2C_Init      stm32f4xx_hal_i2c.o
    0x0800155c   0x0800155c   0x0000006c   Code   RO          563    i.HAL_I2C_MspInit   stm32f4xx_hal_msp.o
    0x080015c8   0x080015c8   0x000001f4   Code   RO         2002    i.HAL_I2SEx_FullDuplex_IRQHandler  stm32f4xx_hal_i2s_ex.o
    0x080017bc   0x080017bc   0x00000002   Code   RO         2006    i.HAL_I2SEx_TxRxCpltCallback  stm32f4xx_hal_i2s_ex.o
    0x080017be   0x080017be   0x00000002   Code   RO         1827    i.HAL_I2S_ErrorCallback  stm32f4xx_hal_i2s.o
    0x080017c0   0x080017c0   0x00000174   Code   RO         1831    i.HAL_I2S_Init      stm32f4xx_hal_i2s.o
    0x08001934   0x08001934   0x00000090   Code   RO          565    i.HAL_I2S_MspInit   stm32f4xx_hal_msp.o
    0x080019c4   0x080019c4   0x00000002   Code   RO         1837    i.HAL_I2S_RxCpltCallback  stm32f4xx_hal_i2s.o
    0x080019c6   0x080019c6   0x00000002   Code   RO         1842    i.HAL_I2S_TxCpltCallback  stm32f4xx_hal_i2s.o
    0x080019c8   0x080019c8   0x00000010   Code   RO         3337    i.HAL_IncTick       stm32f4xx_hal.o
    0x080019d8   0x080019d8   0x00000034   Code   RO         3338    i.HAL_Init          stm32f4xx_hal.o
    0x08001a0c   0x08001a0c   0x00000040   Code   RO         3339    i.HAL_InitTick      stm32f4xx_hal.o
    0x08001a4c   0x08001a4c   0x00000034   Code   RO          566    i.HAL_MspInit       stm32f4xx_hal_msp.o
    0x08001a80   0x08001a80   0x0000001a   Code   RO         3188    i.HAL_NVIC_EnableIRQ  stm32f4xx_hal_cortex.o
    0x08001a9a   0x08001a9a   0x00000002   PAD
    0x08001a9c   0x08001a9c   0x00000040   Code   RO         3194    i.HAL_NVIC_SetPriority  stm32f4xx_hal_cortex.o
    0x08001adc   0x08001adc   0x00000024   Code   RO         3195    i.HAL_NVIC_SetPriorityGrouping  stm32f4xx_hal_cortex.o
    0x08001b00   0x08001b00   0x0000005c   Code   RO         2549    i.HAL_RCCEx_GetPeriphCLKFreq  stm32f4xx_hal_rcc_ex.o
    0x08001b5c   0x08001b5c   0x0000013c   Code   RO         2550    i.HAL_RCCEx_PeriphCLKConfig  stm32f4xx_hal_rcc_ex.o
    0x08001c98   0x08001c98   0x00000130   Code   RO         2445    i.HAL_RCC_ClockConfig  stm32f4xx_hal_rcc.o
    0x08001dc8   0x08001dc8   0x00000020   Code   RO         2452    i.HAL_RCC_GetPCLK1Freq  stm32f4xx_hal_rcc.o
    0x08001de8   0x08001de8   0x00000060   Code   RO         2454    i.HAL_RCC_GetSysClockFreq  stm32f4xx_hal_rcc.o
    0x08001e48   0x08001e48   0x0000031c   Code   RO         2457    i.HAL_RCC_OscConfig  stm32f4xx_hal_rcc.o
    0x08002164   0x08002164   0x00000080   Code   RO         2097    i.HAL_SPI_Init      stm32f4xx_hal_spi.o
    0x080021e4   0x080021e4   0x00000068   Code   RO          568    i.HAL_SPI_MspInit   stm32f4xx_hal_msp.o
    0x0800224c   0x0800224c   0x00000028   Code   RO         3199    i.HAL_SYSTICK_Config  stm32f4xx_hal_cortex.o
    0x08002274   0x08002274   0x0000022c   Code   RO          655    i.HCD_HC_IN_IRQHandler  stm32f4xx_hal_hcd.o
    0x080024a0   0x080024a0   0x00000244   Code   RO          656    i.HCD_HC_OUT_IRQHandler  stm32f4xx_hal_hcd.o
    0x080026e4   0x080026e4   0x000000b8   Code   RO          657    i.HCD_Port_IRQHandler  stm32f4xx_hal_hcd.o
    0x0800279c   0x0800279c   0x00000070   Code   RO          658    i.HCD_RXQLVL_IRQHandler  stm32f4xx_hal_hcd.o
    0x0800280c   0x0800280c   0x00000002   Code   RO          475    i.HardFault_Handler  stm32f4xx_it.o
    0x0800280e   0x0800280e   0x00000002   PAD
    0x08002810   0x08002810   0x00000060   Code   RO         2009    i.I2SEx_RxISR_I2SExt  stm32f4xx_hal_i2s_ex.o
    0x08002870   0x08002870   0x00000060   Code   RO         2010    i.I2SEx_TxISR_I2SExt  stm32f4xx_hal_i2s_ex.o
    0x080028d0   0x080028d0   0x000000f2   Code   RO         1849    i.I2S_IRQHandler    stm32f4xx_hal_i2s.o
    0x080029c2   0x080029c2   0x00000002   PAD
    0x080029c4   0x080029c4   0x00000070   Code   RO           14    i.MX_ADC1_Init      main.o
    0x08002a34   0x08002a34   0x00000014   Code   RO          448    i.MX_DriverVbusFS   usbh_platform.o
    0x08002a48   0x08002a48   0x00000164   Code   RO           15    i.MX_GPIO_Init      main.o
    0x08002bac   0x08002bac   0x00000034   Code   RO           16    i.MX_SPI1_Init      main.o
    0x08002be0   0x08002be0   0x00000040   Code   RO          195    i.MX_USB_HOST_Init  usb_host.o
    0x08002c20   0x08002c20   0x0000000c   Code   RO          196    i.MX_USB_HOST_Process  usb_host.o
    0x08002c2c   0x08002c2c   0x00000002   Code   RO          476    i.MemManage_Handler  stm32f4xx_it.o
    0x08002c2e   0x08002c2e   0x00000002   Code   RO          477    i.NMI_Handler       stm32f4xx_it.o
    0x08002c30   0x08002c30   0x0000000c   Code   RO          478    i.OTG_FS_IRQHandler  stm32f4xx_it.o
    0x08002c3c   0x08002c3c   0x00000002   Code   RO          479    i.PendSV_Handler    stm32f4xx_it.o
    0x08002c3e   0x08002c3e   0x00000002   Code   RO          480    i.SVC_Handler       stm32f4xx_it.o
    0x08002c40   0x08002c40   0x00000004   Code   RO          481    i.SysTick_Handler   stm32f4xx_it.o
    0x08002c44   0x08002c44   0x0000009c   Code   RO           17    i.SystemClock_Config  main.o
    0x08002ce0   0x08002ce0   0x00000054   Code   RO         3574    i.SystemInit        system_stm32f4xx.o
    0x08002d34   0x08002d34   0x000000b4   Code   RO           18    i.Termistor         main.o
    0x08002de8   0x08002de8   0x00000034   Code   RO         3911    i.USBH_AllocPipe    usbh_pipes.o
    0x08002e1c   0x08002e1c   0x00000020   Code   RO         3839    i.USBH_BulkReceiveData  usbh_ioreq.o
    0x08002e3c   0x08002e3c   0x00000028   Code   RO         3840    i.USBH_BulkSendData  usbh_ioreq.o
    0x08002e64   0x08002e64   0x00000024   Code   RO         3956    i.USBH_CDC_ClassRequest  usbh_cdc.o
    0x08002e88   0x08002e88   0x0000005e   Code   RO         3959    i.USBH_CDC_InterfaceDeInit  usbh_cdc.o
    0x08002ee6   0x08002ee6   0x00000134   Code   RO         3960    i.USBH_CDC_InterfaceInit  usbh_cdc.o
    0x0800301a   0x0800301a   0x00000002   Code   RO         3961    i.USBH_CDC_LineCodingChanged  usbh_cdc.o
    0x0800301c   0x0800301c   0x000000b8   Code   RO         3962    i.USBH_CDC_Process  usbh_cdc.o
    0x080030d4   0x080030d4   0x00000002   Code   RO         3964    i.USBH_CDC_ReceiveCallback  usbh_cdc.o
    0x080030d6   0x080030d6   0x00000004   Code   RO         3965    i.USBH_CDC_SOFProcess  usbh_cdc.o
    0x080030da   0x080030da   0x00000002   Code   RO         3969    i.USBH_CDC_TransmitCallback  usbh_cdc.o
    0x080030dc   0x080030dc   0x0000000a   Code   RO         3912    i.USBH_ClosePipe    usbh_pipes.o
    0x080030e6   0x080030e6   0x0000001e   Code   RO         3745    i.USBH_ClrFeature   usbh_ctlreq.o
    0x08003104   0x08003104   0x0000001e   Code   RO         3841    i.USBH_CtlReceiveData  usbh_ioreq.o
    0x08003122   0x08003122   0x0000003a   Code   RO         3746    i.USBH_CtlReq       usbh_ctlreq.o
    0x0800315c   0x0800315c   0x00000028   Code   RO         3842    i.USBH_CtlSendData  usbh_ioreq.o
    0x08003184   0x08003184   0x0000001e   Code   RO         3843    i.USBH_CtlSendSetup  usbh_ioreq.o
    0x080031a2   0x080031a2   0x00000004   Code   RO          275    i.USBH_Delay        usbh_conf.o
    0x080031a6   0x080031a6   0x00000002   PAD
    0x080031a8   0x080031a8   0x00000044   Code   RO         3613    i.USBH_FindInterface  usbh_core.o
    0x080031ec   0x080031ec   0x00000018   Code   RO         3913    i.USBH_FreePipe     usbh_pipes.o
    0x08003204   0x08003204   0x00000034   Code   RO         3747    i.USBH_GetDescriptor  usbh_ctlreq.o
    0x08003238   0x08003238   0x0000000e   Code   RO         3748    i.USBH_GetNextDesc  usbh_ctlreq.o
    0x08003246   0x08003246   0x0000002c   Code   RO         3749    i.USBH_Get_CfgDesc  usbh_ctlreq.o
    0x08003272   0x08003272   0x00000090   Code   RO         3750    i.USBH_Get_DevDesc  usbh_ctlreq.o
    0x08003302   0x08003302   0x00000048   Code   RO         3751    i.USBH_Get_StringDesc  usbh_ctlreq.o
    0x0800334a   0x0800334a   0x00000018   Code   RO          276    i.USBH_Get_USB_Status  usbh_conf.o
    0x08003362   0x08003362   0x0000018a   Code   RO         3752    i.USBH_HandleControl  usbh_ctlreq.o
    0x080034ec   0x080034ec   0x000000f2   Code   RO         3616    i.USBH_HandleEnum   usbh_core.o
    0x080035de   0x080035de   0x00000030   Code   RO         3617    i.USBH_Init         usbh_core.o
    0x0800360e   0x0800360e   0x00000012   Code   RO          277    i.USBH_LL_ClosePipe  usbh_conf.o
    0x08003620   0x08003620   0x0000002a   Code   RO         3619    i.USBH_LL_Connect   usbh_core.o
    0x0800364a   0x0800364a   0x00000038   Code   RO         3620    i.USBH_LL_Disconnect  usbh_core.o
    0x08003682   0x08003682   0x0000001a   Code   RO          279    i.USBH_LL_DriverVBUS  usbh_conf.o
    0x0800369c   0x0800369c   0x00000008   Code   RO          280    i.USBH_LL_GetLastXferSize  usbh_conf.o
    0x080036a4   0x080036a4   0x00000022   Code   RO          281    i.USBH_LL_GetSpeed  usbh_conf.o
    0x080036c6   0x080036c6   0x00000008   Code   RO          283    i.USBH_LL_GetURBState  usbh_conf.o
    0x080036ce   0x080036ce   0x0000001e   Code   RO         3621    i.USBH_LL_IncTimer  usbh_core.o
    0x080036ec   0x080036ec   0x00000050   Code   RO          284    i.USBH_LL_Init      usbh_conf.o
    0x0800373c   0x0800373c   0x0000001c   Code   RO          285    i.USBH_LL_OpenPipe  usbh_conf.o
    0x08003758   0x08003758   0x00000008   Code   RO         3622    i.USBH_LL_PortDisabled  usbh_core.o
    0x08003760   0x08003760   0x00000008   Code   RO         3623    i.USBH_LL_PortEnabled  usbh_core.o
    0x08003768   0x08003768   0x00000012   Code   RO          286    i.USBH_LL_ResetPort  usbh_conf.o
    0x0800377a   0x0800377a   0x00000006   Code   RO         3624    i.USBH_LL_SetTimer  usbh_core.o
    0x08003780   0x08003780   0x00000020   Code   RO          287    i.USBH_LL_SetToggle  usbh_conf.o
    0x080037a0   0x080037a0   0x00000012   Code   RO          288    i.USBH_LL_Start     usbh_conf.o
    0x080037b2   0x080037b2   0x00000012   Code   RO          289    i.USBH_LL_Stop      usbh_conf.o
    0x080037c4   0x080037c4   0x00000022   Code   RO          290    i.USBH_LL_SubmitURB  usbh_conf.o
    0x080037e6   0x080037e6   0x00000014   Code   RO         3914    i.USBH_OpenPipe     usbh_pipes.o
    0x080037fa   0x080037fa   0x000000dc   Code   RO         3753    i.USBH_ParseCfgDesc  usbh_ctlreq.o
    0x080038d6   0x080038d6   0x000001a0   Code   RO         3625    i.USBH_Process      usbh_core.o
    0x08003a76   0x08003a76   0x0000001c   Code   RO         3627    i.USBH_RegisterClass  usbh_core.o
    0x08003a92   0x08003a92   0x00000016   Code   RO         3628    i.USBH_SelectInterface  usbh_core.o
    0x08003aa8   0x08003aa8   0x0000001c   Code   RO         3754    i.USBH_SetAddress   usbh_ctlreq.o
    0x08003ac4   0x08003ac4   0x0000001c   Code   RO         3755    i.USBH_SetCfg       usbh_ctlreq.o
    0x08003ae0   0x08003ae0   0x0000001c   Code   RO         3756    i.USBH_SetFeature   usbh_ctlreq.o
    0x08003afc   0x08003afc   0x00000014   Code   RO         3629    i.USBH_Start        usbh_core.o
    0x08003b10   0x08003b10   0x00000020   Code   RO          197    i.USBH_UserProcess  usb_host.o
    0x08003b30   0x08003b30   0x00000074   Code   RO          813    i.USB_CoreInit      stm32f4xx_ll_usb.o
    0x08003ba4   0x08003ba4   0x00000038   Code   RO          814    i.USB_CoreReset     stm32f4xx_ll_usb.o
    0x08003bdc   0x08003bdc   0x0000000c   Code   RO          821    i.USB_DisableGlobalInt  stm32f4xx_ll_usb.o
    0x08003be8   0x08003be8   0x00000024   Code   RO          822    i.USB_DoPing        stm32f4xx_ll_usb.o
    0x08003c0c   0x08003c0c   0x0000002c   Code   RO          823    i.USB_DriveVbus     stm32f4xx_ll_usb.o
    0x08003c38   0x08003c38   0x0000000c   Code   RO          829    i.USB_EnableGlobalInt  stm32f4xx_ll_usb.o
    0x08003c44   0x08003c44   0x00000020   Code   RO          830    i.USB_FlushRxFifo   stm32f4xx_ll_usb.o
    0x08003c64   0x08003c64   0x00000024   Code   RO          831    i.USB_FlushTxFifo   stm32f4xx_ll_usb.o
    0x08003c88   0x08003c88   0x00000008   Code   RO          832    i.USB_GetCurrentFrame  stm32f4xx_ll_usb.o
    0x08003c90   0x08003c90   0x0000000e   Code   RO          834    i.USB_GetHostSpeed  stm32f4xx_ll_usb.o
    0x08003c9e   0x08003c9e   0x00000008   Code   RO          835    i.USB_GetMode       stm32f4xx_ll_usb.o
    0x08003ca6   0x08003ca6   0x000000c2   Code   RO          836    i.USB_HC_Halt       stm32f4xx_ll_usb.o
    0x08003d68   0x08003d68   0x000000f0   Code   RO          837    i.USB_HC_Init       stm32f4xx_ll_usb.o
    0x08003e58   0x08003e58   0x00000008   Code   RO          838    i.USB_HC_ReadInterrupt  stm32f4xx_ll_usb.o
    0x08003e60   0x08003e60   0x00000150   Code   RO          839    i.USB_HC_StartXfer  stm32f4xx_ll_usb.o
    0x08003fb0   0x08003fb0   0x000000d8   Code   RO          840    i.USB_HostInit      stm32f4xx_ll_usb.o
    0x08004088   0x08004088   0x00000036   Code   RO          841    i.USB_InitFSLSPClkSel  stm32f4xx_ll_usb.o
    0x080040be   0x080040be   0x00000008   Code   RO          846    i.USB_ReadInterrupts  stm32f4xx_ll_usb.o
    0x080040c6   0x080040c6   0x0000001c   Code   RO          847    i.USB_ReadPacket    stm32f4xx_ll_usb.o
    0x080040e2   0x080040e2   0x00000032   Code   RO          848    i.USB_ResetPort     stm32f4xx_ll_usb.o
    0x08004114   0x08004114   0x0000002e   Code   RO          849    i.USB_SetCurrentMode  stm32f4xx_ll_usb.o
    0x08004142   0x08004142   0x00000002   PAD
    0x08004144   0x08004144   0x0000007e   Code   RO          854    i.USB_StopHost      stm32f4xx_ll_usb.o
    0x080041c2   0x080041c2   0x00000024   Code   RO          855    i.USB_WritePacket   stm32f4xx_ll_usb.o
    0x080041e6   0x080041e6   0x00000002   Code   RO          482    i.UsageFault_Handler  stm32f4xx_it.o
    0x080041e8   0x080041e8   0x00000020   Code   RO         3201    i.__NVIC_SetPriority  stm32f4xx_hal_cortex.o
    0x08004208   0x08004208   0x000003c4   Code   RO         4069    i.__hardfp_log      m_wm.l(log.o)
    0x080045cc   0x080045cc   0x000000f8   Code   RO         4148    i.__kernel_poly     m_wm.l(poly.o)
    0x080046c4   0x080046c4   0x00000004   PAD
    0x080046c8   0x080046c8   0x00000030   Code   RO         4134    i.__mathlib_dbl_divzero  m_wm.l(dunder.o)
    0x080046f8   0x080046f8   0x00000014   Code   RO         4135    i.__mathlib_dbl_infnan  m_wm.l(dunder.o)
    0x0800470c   0x0800470c   0x00000004   PAD
    0x08004710   0x08004710   0x00000020   Code   RO         4137    i.__mathlib_dbl_invalid  m_wm.l(dunder.o)
    0x08004730   0x08004730   0x0000000e   Code   RO         4189    i.__scatterload_copy  mc_w.l(handlers.o)
    0x0800473e   0x0800473e   0x00000002   Code   RO         4190    i.__scatterload_null  mc_w.l(handlers.o)
    0x08004740   0x08004740   0x0000000e   Code   RO         4191    i.__scatterload_zeroinit  mc_w.l(handlers.o)
    0x0800474e   0x0800474e   0x00000002   PAD
    0x08004750   0x08004750   0x0000000c   Code   RO         4175    i.__set_errno       mc_w.l(errno.o)
    0x0800475c   0x0800475c   0x00000050   Code   RO         4094    i.free              mc_w.l(malloc.o)
    0x080047ac   0x080047ac   0x000000f4   Code   RO           19    i.main              main.o
    0x080048a0   0x080048a0   0x0000006c   Code   RO         4095    i.malloc            mc_w.l(malloc.o)
    0x0800490c   0x0800490c   0x00000010   Data   RO         3575    .constdata          system_stm32f4xx.o
    0x0800491c   0x0800491c   0x00000008   Data   RO         3576    .constdata          system_stm32f4xx.o
    0x08004924   0x08004924   0x00000004   PAD
    0x08004928   0x08004928   0x00000038   Data   RO         4072    .constdata          m_wm.l(log.o)
    0x08004960   0x08004960   0x00000008   Data   RO         4150    .constdata          m_wm.l(qnan.o)
    0x08004968   0x08004968   0x00000004   Data   RO         3970    .conststring        usbh_cdc.o
    0x0800496c   0x0800496c   0x00000020   Data   RO         4187    Region$$Table       anon$$obj.o


    Execution Region RW_IRAM1 (Exec base: 0x20000000, Load base: 0x0800498c, Size: 0x00000e20, Max: 0x00020000, ABSOLUTE)

    Exec Addr    Load Addr    Size         Type   Attr      Idx    E Section Name        Object

    0x20000000   0x0800498c   0x00000010   Data   RW           21    .data               main.o
    0x20000010   0x0800499c   0x00000001   Data   RW          199    .data               usb_host.o
    0x20000011   0x0800499d   0x00000003   PAD
    0x20000014   0x080049a0   0x00000004   Data   RW          856    .data               stm32f4xx_ll_usb.o
    0x20000018   0x080049a4   0x0000000c   Data   RW         3345    .data               stm32f4xx_hal.o
    0x20000024   0x080049b0   0x00000004   Data   RW         3577    .data               system_stm32f4xx.o
    0x20000028   0x080049b4   0x00000020   Data   RW         3971    .data               usbh_cdc.o
    0x20000048   0x080049d4   0x00000004   Data   RW         4171    .data               mc_w.l(mvars.o)
    0x2000004c   0x080049d8   0x00000004   Data   RW         4172    .data               mc_w.l(mvars.o)
    0x20000050   0x080049dc   0x00000004   Data   RW         4176    .data               mc_w.l(errno.o)
    0x20000054        -       0x0000013c   Zero   RW           20    .bss                main.o
    0x20000190        -       0x000003cc   Zero   RW          198    .bss                usb_host.o
    0x2000055c        -       0x000002c4   Zero   RW          291    .bss                usbh_conf.o
    0x20000820        -       0x00000200   Zero   RW            2    HEAP                startup_stm32f407xx.o
    0x20000a20        -       0x00000400   Zero   RW            1    STACK               startup_stm32f407xx.o


==============================================================================

Image component sizes


      Code (inc. data)   RO Data    RW Data    ZI Data      Debug   Object Name

      1102        146          0         16        316     703256   main.o
        36          8        392          0       1536        832   startup_stm32f407xx.o
       180         28          0         12          0       4553   stm32f4xx_hal.o
      1276         54          0          0          0       6861   stm32f4xx_hal_adc.o
         2          0          0          0          0        977   stm32f4xx_hal_adc_ex.o
       198         14          0          0          0      33935   stm32f4xx_hal_cortex.o
       442         44          0          0          0       2416   stm32f4xx_hal_gpio.o
      2268          4          0          0          0      13669   stm32f4xx_hal_hcd.o
       372         16          0          0          0       2931   stm32f4xx_hal_i2c.o
       620         18          0          0          0       4149   stm32f4xx_hal_i2s.o
       694         24          0          0          0       3735   stm32f4xx_hal_i2s_ex.o
       520         60          0          0          0       3734   stm32f4xx_hal_msp.o
      1228         64          0          0          0       4541   stm32f4xx_hal_rcc.o
       408         36          0          0          0       2269   stm32f4xx_hal_rcc_ex.o
       128          0          0          0          0       1159   stm32f4xx_hal_spi.o
        44         12          0          0          0       4975   stm32f4xx_it.o
      1716         52          0          4          0      18129   stm32f4xx_ll_usb.o
        84         18         24          4          0       1147   system_stm32f4xx.o
       108         22          0          1        972       9754   usb_host.o
       872          6          4         32          0      12700   usbh_cdc.o
       540         14          0          0        708      12697   usbh_conf.o
      1066         20          0          0          0      10956   usbh_core.o
      1112         12          0          0          0      10566   usbh_ctlreq.o
       172          0          0          0          0       4344   usbh_ioreq.o
       106          0          0          0          0       3350   usbh_pipes.o
        20          4          0          0          0        518   usbh_platform.o

    ----------------------------------------------------------------------
     15332        676        456         72       3532     878153   Object Totals
         0          0         32          0          0          0   (incl. Generated)
        18          0          4          3          0          0   (incl. Padding)

    ----------------------------------------------------------------------

      Code (inc. data)   RO Data    RW Data    ZI Data      Debug   Library Member Name

       100         28          0          0          0        372   dunder.o
       964         92         56          0          0        316   log.o
       248          0          0          0          0        152   poly.o
         0          0          8          0          0          0   qnan.o
         0          0          0          0          0          0   entry.o
         0          0          0          0          0          0   entry10a.o
         0          0          0          0          0          0   entry11a.o
         8          4          0          0          0          0   entry2.o
         4          0          0          0          0          0   entry5.o
         0          0          0          0          0          0   entry7b.o
         0          0          0          0          0          0   entry8b.o
         8          4          0          0          0          0   entry9a.o
        12          6          0          4          0         68   errno.o
        30          0          0          0          0          0   handlers.o
        36          8          0          0          0         68   init.o
         0          0          0          0          0          0   iusefp.o
        30          0          0          0          0         68   llshl.o
        36          0          0          0          0         68   llsshr.o
        32          0          0          0          0         68   llushr.o
       188         20          0          0          0        160   malloc.o
        36          0          0          0          0         68   memcpya.o
        36          0          0          0          0        108   memseta.o
         0          0          0          8          0          0   mvars.o
        98          0          0          0          0         92   uldiv.o
        48          0          0          0          0         68   cdcmple.o
        48          0          0          0          0         68   cdrcmple.o
       334          0          0          0          0        148   dadd.o
       222          0          0          0          0        100   ddiv.o
       186          0          0          0          0        176   depilogue.o
        34          0          0          0          0         76   dflti.o
       228          0          0          0          0         96   dmul.o

    ----------------------------------------------------------------------
      2976        162         64         12          0       2340   Library Totals
        10          0          0          0          0          0   (incl. Padding)

    ----------------------------------------------------------------------

      Code (inc. data)   RO Data    RW Data    ZI Data      Debug   Library Name

      1312        120         64          0          0        840   m_wm.l
       554         42          0         12          0        768   mc_w.l
      1100          0          0          0          0        732   mf_w.l

    ----------------------------------------------------------------------
      2976        162         64         12          0       2340   Library Totals

    ----------------------------------------------------------------------

==============================================================================


      Code (inc. data)   RO Data    RW Data    ZI Data      Debug   

     18308        838        520         84       3532     862969   Grand Totals
     18308        838        520         84       3532     862969   ELF Image Totals
     18308        838        520         84          0          0   ROM Totals

==============================================================================

    Total RO  Size (Code + RO Data)                18828 (  18.39kB)
    Total RW  Size (RW Data + ZI Data)              3616 (   3.53kB)
    Total ROM Size (Code + RO Data + RW Data)      18912 (  18.47kB)

==============================================================================

